<html>
<body>
<pre>
<h1>µVision Build Log</h1>
<h2>Tool Versions:</h2>
IDE-Version: µVision V5.29.0.0
Copyright (C) 2019 ARM Ltd and ARM Germany GmbH. All rights reserved.
License Information: David David, David, LIC=----
 
Tool Versions:
Toolchain:       MDK-Lite  Version: 5.29.0.0
Toolchain Path:  C:\Keil_v5\ARM\ARMCC\Bin
C Compiler:      Armcc.exe V5.06 update 6 (build 750)
Assembler:       Armasm.exe V5.06 update 6 (build 750)
Linker/Locator:  ArmLink.exe V5.06 update 6 (build 750)
Library Manager: ArmAr.exe V5.06 update 6 (build 750)
Hex Converter:   FromElf.exe V5.06 update 6 (build 750)
CPU DLL:         SARMCM3.DLL V5.29.0.0
Dialog DLL:      DARMCM1.DLL V1.19.2.0
Target DLL:      UL2CM3.DLL V1.163.0.0
Dialog DLL:      TARMCM1.DLL V1.14.1.0
 
<h2>Project:</h2>
C:\Users\shayl\OneDrive\Documents\Git Repositories\RA-01-LoRa\src\LoraDev.uvprojx
Project File Date:  05/28/2020

<h2>Output:</h2>
*** Using Compiler 'V5.06 update 6 (build 750)', folder: 'C:\Keil_v5\ARM\ARMCC\Bin'
Build target 'Target 1'
compiling com_io.c...
com_io.c(115): warning:  #111-D: statement is unreachable
      return(0);
com_io.c(167): warning:  #167-D: argument of type "const UI8 *" is incompatible with parameter of type "const char *"
      for (count = 0;count < strlen(input); count++)
com_io.c(178): warning:  #1256-D: "UI16" would have been promoted to "int" when passed through the ellipsis parameter; use the latter type instead
                  tempt = va_arg(argptr, UI16);
com_io.c(184): warning:  #1256-D: "UI16" would have been promoted to "int" when passed through the ellipsis parameter; use the latter type instead
                  tempt = va_arg(argptr, UI16);
com_io.c(408): warning:  #167-D: argument of type "const UI8 *" is incompatible with parameter of type "const char *"
  	index = strlen(input); 
com_io.c(417): warning:  #1256-D: "UI16" would have been promoted to "int" when passed through the ellipsis parameter; use the latter type instead
  			    tempt = va_arg(argptr, UI16);
com_io.c: 6 warnings, 0 errors
compiling EEPROM.c...
EEPROM.c(186): warning:  #177-D: variable "data2"  was declared but never referenced
  	UI8 data2 = 0;
EEPROM.c(187): warning:  #177-D: variable "temp"  was declared but never referenced
  	UI16 temp = 0;
EEPROM.c: 2 warnings, 0 errors
linking...
Program Size: Code=7460 RO-data=3696 RW-data=24 ZI-data=1888  
FromELF: creating hex file...
".\Objects\expansion v1.1" - 0 Error(s), 8 Warning(s).

<h2>Software Packages used:</h2>

Package Vendor: ARM
                http://www.keil.com/pack/ARM.CMSIS.5.6.0.pack
                ARM.CMSIS.5.6.0
                CMSIS (Cortex Microcontroller Software Interface Standard)
   * Component: CORE Version: 5.3.0

Package Vendor: Keil
                http://www.keil.com/pack/Keil.STM32F0xx_DFP.2.0.0.pack
                Keil.STM32F0xx_DFP.2.0.0
                STMicroelectronics STM32F0 Series Device Support, Drivers and Examples
   * Component: Startup Version: 1.0.0

<h2>Collection of Component include folders:</h2>
  .\RTE\_Target_1
  C:\Users\shayl\AppData\Local\Arm\Packs\ARM\CMSIS\5.6.0\CMSIS\Core\Include
  C:\Users\shayl\AppData\Local\Arm\Packs\Keil\STM32F0xx_DFP\2.0.0\Drivers\CMSIS\Device\ST\STM32F0xx\Include

<h2>Collection of Component Files used:</h2>

   * Component: ARM::CMSIS:CORE:5.3.0

   * Component: Keil.Standalone::Device:Startup:1.0.0
      Source file:   MDK\Device\Source\ARM\STM32F0xx_OPT.s
      Include file:  Drivers\CMSIS\Device\ST\STM32F0xx\Include\stm32f0xx.h
      Source file:   Drivers\CMSIS\Device\ST\STM32F0xx\Source\Templates\arm\startup_stm32f030xc.s
      Source file:   Drivers\CMSIS\Device\ST\STM32F0xx\Source\Templates\system_stm32f0xx.c
Build Time Elapsed:  00:00:01
</pre>
</body>
</html>
