Component: ARM Compiler 5.06 update 6 (build 750) Tool: armlink [4d35ed]

==============================================================================

Section Cross References

    main.o(i.GetAnalogVal) refers to main.o(i.DisableADC) for DisableADC
    main.o(i.GetAnalogVal) refers to main.o(i.EnableADC) for EnableADC
    main.o(i.GetAnalogVal) refers to main.o(i.Get_ADC_Val) for Get_ADC_Val
    main.o(i.GetAnalogVal) refers to main.o(.data) for adcval
    main.o(i.GetDeviceAddress) refers to com_io.o(i.PrintOLED) for PrintOLED
    main.o(i.GetDeviceAddress) refers to main.o(.data) for AddressTimer
    main.o(i.GetVddVal) refers to main.o(i.DisableADC) for DisableADC
    main.o(i.GetVddVal) refers to main.o(i.EnableADC) for EnableADC
    main.o(i.GetVddVal) refers to main.o(i.Get_ADC_Val) for Get_ADC_Val
    main.o(i.GetVddVal) refers to aeabi_sdiv.o(.text) for __aeabi_uidivmod
    main.o(i.GetVddVal) refers to com_io.o(i.PrintfP) for PrintfP
    main.o(i.GetVddVal) refers to main.o(.data) for adcraw
    main.o(i.Get_ADC_Val) refers to aeabi_sdiv.o(.text) for __aeabi_uidivmod
    main.o(i.SysTick_Handler) refers to main.o(.data) for systick
    main.o(i.TIM3_IRQHandler) refers to main.o(.data) for TemperatureTimer
    main.o(i.delaymms) refers to main.o(.data) for MILLISECS
    main.o(i.delayuus) refers to main.o(.data) for systick
    main.o(i.getTemperature) refers to main.o(i.GetAnalogVal) for GetAnalogVal
    main.o(i.getTemperature) refers to dflti.o(.text) for __aeabi_ui2d
    main.o(i.getTemperature) refers to dmul.o(.text) for __aeabi_dmul
    main.o(i.getTemperature) refers to d2f.o(.text) for __aeabi_d2f
    main.o(i.getTemperature) refers to faddsub.o(x$fpl$fsub) for __aeabi_fsub
    main.o(i.getTemperature) refers to f2d.o(.text) for __aeabi_f2d
    main.o(i.getTemperature) refers to ffixui.o(.text) for __aeabi_f2uiz
    main.o(i.getTemperature) refers to com_io.o(i.PrintOLED) for PrintOLED
    main.o(i.getTemperature) refers to main.o(.data) for TemperatureTimer
    main.o(i.main) refers to hardware.o(i.Setup) for Setup
    main.o(i.main) refers to radio.o(i.TestLoRaTransmitter) for TestLoRaTransmitter
    main.o(i.main) refers to main.o(i.getTemperature) for getTemperature
    main.o(i.main) refers to main.o(i.GetDeviceAddress) for GetDeviceAddress
    main.o(i.main) refers to radio.o(i.TestLoRaReceiver) for TestLoRaReceiver
    radio.o(i.LoRaAvailable) refers to radio.o(i.SPI_Read) for SPI_Read
    radio.o(i.LoRaAvailable) refers to radio.o(.data) for _packetIndex
    radio.o(i.LoRaPrint) refers to strlen.o(.text) for strlen
    radio.o(i.LoRaPrint) refers to radio.o(i.SPI_Read) for SPI_Read
    radio.o(i.LoRaPrint) refers to radio.o(i.SPI_Write) for SPI_Write
    radio.o(i.LoRaSetup) refers to radio.o(i.SPI_Read) for SPI_Read
    radio.o(i.LoRaSetup) refers to radio.o(i.sleep) for sleep
    radio.o(i.LoRaSetup) refers to radio.o(i.Set_Frequency) for Set_Frequency
    radio.o(i.LoRaSetup) refers to radio.o(i.SPI_Write) for SPI_Write
    radio.o(i.LoRaSetup) refers to radio.o(i.setTxPower) for setTxPower
    radio.o(i.LoRaSetup) refers to radio.o(i.idle) for idle
    radio.o(i.LoraRead) refers to radio.o(i.LoRaAvailable) for LoRaAvailable
    radio.o(i.LoraRead) refers to radio.o(i.SPI_Read) for SPI_Read
    radio.o(i.LoraRead) refers to radio.o(.data) for _packetIndex
    radio.o(i.SPI_Read) refers to eeprom.o(i.BB_WriteData) for BB_WriteData
    radio.o(i.SPI_Read) refers to eeprom.o(i.BB_ReadData) for BB_ReadData
    radio.o(i.SPI_Write) refers to eeprom.o(i.BB_WriteData) for BB_WriteData
    radio.o(i.SetOpMode) refers to radio.o(i.SPI_Write) for SPI_Write
    radio.o(i.Set_Frequency) refers to lludiv.o(.text) for __aeabi_uldivmod
    radio.o(i.Set_Frequency) refers to radio.o(i.SPI_Write) for SPI_Write
    radio.o(i.TestLoRaReceiver) refers to radio.o(i.parsePacket) for parsePacket
    radio.o(i.TestLoRaReceiver) refers to com_io.o(i.PrintfP) for PrintfP
    radio.o(i.TestLoRaReceiver) refers to com_io.o(i.PrintOLED) for PrintOLED
    radio.o(i.TestLoRaReceiver) refers to main.o(i.delaymms) for delaymms
    radio.o(i.TestLoRaReceiver) refers to radio.o(i.LoraRead) for LoraRead
    radio.o(i.TestLoRaReceiver) refers to radio.o(i.LoRaAvailable) for LoRaAvailable
    radio.o(i.TestLoRaTransmitter) refers to oled.o(i.OLED_ClearLine) for OLED_ClearLine
    radio.o(i.TestLoRaTransmitter) refers to com_io.o(i.PrintfP) for PrintfP
    radio.o(i.TestLoRaTransmitter) refers to main.o(i.delaymms) for delaymms
    radio.o(i.TestLoRaTransmitter) refers to com_io.o(i.PrintOLED) for PrintOLED
    radio.o(i.TestLoRaTransmitter) refers to radio.o(i.beginPacket) for beginPacket
    radio.o(i.TestLoRaTransmitter) refers to radio.o(i.LoRaPrint) for LoRaPrint
    radio.o(i.TestLoRaTransmitter) refers to radio.o(i.endPacket) for endPacket
    radio.o(i.beginPacket) refers to radio.o(i.idle) for idle
    radio.o(i.beginPacket) refers to radio.o(i.explicitHeaderMode) for explicitHeaderMode
    radio.o(i.beginPacket) refers to radio.o(i.SPI_Write) for SPI_Write
    radio.o(i.endPacket) refers to radio.o(i.SPI_Write) for SPI_Write
    radio.o(i.endPacket) refers to radio.o(i.SPI_Read) for SPI_Read
    radio.o(i.explicitHeaderMode) refers to radio.o(i.SPI_Read) for SPI_Read
    radio.o(i.explicitHeaderMode) refers to radio.o(i.SPI_Write) for SPI_Write
    radio.o(i.idle) refers to radio.o(i.SPI_Write) for SPI_Write
    radio.o(i.parsePacket) refers to radio.o(i.SPI_Read) for SPI_Read
    radio.o(i.parsePacket) refers to radio.o(i.explicitHeaderMode) for explicitHeaderMode
    radio.o(i.parsePacket) refers to radio.o(i.SPI_Write) for SPI_Write
    radio.o(i.parsePacket) refers to radio.o(i.idle) for idle
    radio.o(i.parsePacket) refers to radio.o(.data) for _packetIndex
    radio.o(i.setOCP) refers to aeabi_sdiv.o(.text) for __aeabi_idivmod
    radio.o(i.setOCP) refers to radio.o(i.SPI_Write) for SPI_Write
    radio.o(i.setTxPower) refers to radio.o(i.SPI_Write) for SPI_Write
    radio.o(i.setTxPower) refers to radio.o(i.setOCP) for setOCP
    radio.o(i.sleep) refers to radio.o(i.SPI_Write) for SPI_Write
    hardware.o(i.Ports_Setup) refers to hardware.o(i.Set_Pin) for Set_Pin
    hardware.o(i.Set_Pin) refers to hardware.o(i.Set_Mode) for Set_Mode
    hardware.o(i.Set_Pin) refers to hardware.o(i.Set_Type) for Set_Type
    hardware.o(i.Set_Pin) refers to hardware.o(i.Set_Speed) for Set_Speed
    hardware.o(i.Set_Pin) refers to hardware.o(i.Set_Pull) for Set_Pull
    hardware.o(i.Setup) refers to hardware.o(i.SystemClock_Config) for SystemClock_Config
    hardware.o(i.Setup) refers to hardware.o(i.Ports_Setup) for Ports_Setup
    hardware.o(i.Setup) refers to hardware.o(i.TIM17_Setup) for TIM17_Setup
    hardware.o(i.Setup) refers to hardware.o(i.TIM3_Setup) for TIM3_Setup
    hardware.o(i.Setup) refers to hardware.o(i.SysTick_Init) for SysTick_Init
    hardware.o(i.Setup) refers to hardware.o(i.UART_Setup) for UART_Setup
    hardware.o(i.Setup) refers to hardware.o(i.ADC_Setup) for ADC_Setup
    hardware.o(i.Setup) refers to main.o(i.GetVddVal) for GetVddVal
    hardware.o(i.Setup) refers to eeprom.o(i.EE_EWEN) for EE_EWEN
    hardware.o(i.Setup) refers to com_io.o(i.PrintfP) for PrintfP
    hardware.o(i.Setup) refers to eeprom.o(i.EE_READ) for EE_READ
    hardware.o(i.Setup) refers to main.o(i.delaymms) for delaymms
    hardware.o(i.Setup) refers to oled.o(i.OLED_init) for OLED_init
    hardware.o(i.Setup) refers to oled.o(i.setColAddress) for setColAddress
    hardware.o(i.Setup) refers to oled.o(i.setPageAddress) for setPageAddress
    hardware.o(i.Setup) refers to oled.o(i.OLED_Clr) for OLED_Clr
    hardware.o(i.Setup) refers to radio.o(i.LoRaSetup) for LoRaSetup
    hardware.o(i.SysTick_Init) refers to aeabi_sdiv.o(.text) for __aeabi_uidivmod
    hardware.o(i.SysTick_Init) refers to hardware.o(i.__NVIC_SetPriority) for __NVIC_SetPriority
    hardware.o(i.SysTick_Init) refers to system_stm32f0xx.o(.data) for SystemCoreClock
    hardware.o(i.SystemClock_Config) refers to system_stm32f0xx.o(i.SystemCoreClockUpdate) for SystemCoreClockUpdate
    hardware.o(i.TIM17_Setup) refers to hardware.o(i.__NVIC_EnableIRQ) for __NVIC_EnableIRQ
    hardware.o(i.TIM3_Setup) refers to hardware.o(i.__NVIC_EnableIRQ) for __NVIC_EnableIRQ
    hardware.o(i.UART_Setup) refers to hardware.o(i.__NVIC_SetPriority) for __NVIC_SetPriority
    hardware.o(i.UART_Setup) refers to hardware.o(i.__NVIC_EnableIRQ) for __NVIC_EnableIRQ
    eeprom.o(i.EE_ERASE) refers to eeprom.o(i.EE_EWEN) for EE_EWEN
    eeprom.o(i.EE_ERASE) refers to eeprom.o(i.BB_WriteData) for BB_WriteData
    eeprom.o(i.EE_ERASE) refers to main.o(i.delaymms) for delaymms
    eeprom.o(i.EE_ERASE_ALL) refers to eeprom.o(i.BB_WriteData) for BB_WriteData
    eeprom.o(i.EE_ERASE_ALL) refers to main.o(i.delaymms) for delaymms
    eeprom.o(i.EE_EWDS) refers to eeprom.o(i.BB_WriteData) for BB_WriteData
    eeprom.o(i.EE_EWEN) refers to eeprom.o(i.BB_WriteData) for BB_WriteData
    eeprom.o(i.EE_EWEN) refers to main.o(i.delaymms) for delaymms
    eeprom.o(i.EE_READ) refers to eeprom.o(i.BB_WriteData) for BB_WriteData
    eeprom.o(i.EE_READ) refers to main.o(i.delaymms) for delaymms
    eeprom.o(i.EE_READ) refers to eeprom.o(i.BB_ReadData) for BB_ReadData
    eeprom.o(i.EE_WRITE) refers to eeprom.o(i.EE_EWEN) for EE_EWEN
    eeprom.o(i.EE_WRITE) refers to eeprom.o(i.BB_WriteData) for BB_WriteData
    eeprom.o(i.EE_WRITE) refers to main.o(i.delaymms) for delaymms
    oled.o(i.OLED_ClearLine) refers to oled.o(i.setColAddress) for setColAddress
    oled.o(i.OLED_ClearLine) refers to oled.o(i.setPageAddress) for setPageAddress
    oled.o(i.OLED_ClearLine) refers to oled.o(i.ssd1306_WriteData1) for ssd1306_WriteData1
    oled.o(i.OLED_Clr) refers to oled.o(i.ssd1306_WriteData1) for ssd1306_WriteData1
    oled.o(i.OLED_Reset) refers to main.o(i.delayuus) for delayuus
    oled.o(i.OLED_init) refers to oled.o(i.OLED_Reset) for OLED_Reset
    oled.o(i.OLED_init) refers to oled.o(i.ssd1306_WriteCommand) for ssd1306_WriteCommand
    oled.o(i.TransferBuffer) refers to oled.o(i.setColAddress) for setColAddress
    oled.o(i.TransferBuffer) refers to oled.o(i.setPageAddress) for setPageAddress
    oled.o(i.TransferBuffer) refers to oled.o(i.ssd1306_WriteData1) for ssd1306_WriteData1
    oled.o(i.TransferBuffer) refers to oled.o(.constdata) for CurrentFont
    oled.o(i.setColAddress) refers to oled.o(i.ssd1306_WriteCommand) for ssd1306_WriteCommand
    oled.o(i.setPageAddress) refers to oled.o(i.ssd1306_WriteCommand) for ssd1306_WriteCommand
    oled.o(i.ssd1306_WriteCommand) refers to eeprom.o(i.BB_WriteData) for BB_WriteData
    oled.o(i.ssd1306_WriteData1) refers to eeprom.o(i.BB_WriteData) for BB_WriteData
    com_io.o(i.ClrRX) refers to com_io.o(.data) for USB_RX_end
    com_io.o(i.ClrRX) refers to com_io.o(.bss) for USB_RX_Buffer
    com_io.o(i.ClrTX) refers to com_io.o(.data) for USB_TX_end
    com_io.o(i.ClrTX) refers to com_io.o(.bss) for USB_TX_Buffer
    com_io.o(i.PrintOLED) refers to strlen.o(.text) for strlen
    com_io.o(i.PrintOLED) refers to com_io.o(i.int_asci_print2) for int_asci_print2
    com_io.o(i.PrintOLED) refers to oled.o(i.TransferBuffer) for TransferBuffer
    com_io.o(i.PrintfP) refers to com_io.o(i.PutChar) for PutChar
    com_io.o(i.PrintfP) refers to com_io.o(i.int_asci_print) for int_asci_print
    com_io.o(i.PrintfP) refers to com_io.o(i.int_hexasci_print) for int_hexasci_print
    com_io.o(i.PrintfP) refers to strlen.o(.text) for strlen
    com_io.o(i.PutChar) refers to com_io.o(.data) for USB_TX_end
    com_io.o(i.PutChar) refers to com_io.o(.bss) for USB_TX_Buffer
    com_io.o(i.USART1_IRQHandler) refers to com_io.o(.data) for USB_RX_end
    com_io.o(i.USART1_IRQHandler) refers to com_io.o(.bss) for USB_RX_Buffer
    com_io.o(i.comms_getch) refers to com_io.o(.data) for USB_RX_start
    com_io.o(i.comms_getch) refers to com_io.o(.bss) for USB_RX_Buffer
    com_io.o(i.int_asci_print) refers to aeabi_sdiv.o(.text) for __aeabi_uidivmod
    com_io.o(i.int_asci_print) refers to com_io.o(i.PutChar) for PutChar
    com_io.o(i.int_asci_print2) refers to aeabi_sdiv.o(.text) for __aeabi_uidivmod
    com_io.o(i.int_hexasci_print) refers to com_io.o(i.PutChar) for PutChar
    com_io.o(i.is_Char) refers to com_io.o(.data) for USB_RX_end
    startup_stm32f030xc.o(STACK) refers (Special) to heapauxi.o(.text) for __use_two_region_memory
    startup_stm32f030xc.o(HEAP) refers (Special) to heapauxi.o(.text) for __use_two_region_memory
    startup_stm32f030xc.o(RESET) refers (Special) to heapauxi.o(.text) for __use_two_region_memory
    startup_stm32f030xc.o(RESET) refers to startup_stm32f030xc.o(STACK) for __initial_sp
    startup_stm32f030xc.o(RESET) refers to startup_stm32f030xc.o(.text) for Reset_Handler
    startup_stm32f030xc.o(RESET) refers to main.o(i.SysTick_Handler) for SysTick_Handler
    startup_stm32f030xc.o(RESET) refers to main.o(i.TIM3_IRQHandler) for TIM3_IRQHandler
    startup_stm32f030xc.o(RESET) refers to main.o(i.TIM17_IRQHandler) for TIM17_IRQHandler
    startup_stm32f030xc.o(RESET) refers to com_io.o(i.USART1_IRQHandler) for USART1_IRQHandler
    startup_stm32f030xc.o(.text) refers (Special) to heapauxi.o(.text) for __use_two_region_memory
    startup_stm32f030xc.o(.text) refers to system_stm32f0xx.o(i.SystemInit) for SystemInit
    startup_stm32f030xc.o(.text) refers to __main.o(!!!main) for __main
    startup_stm32f030xc.o(.text) refers to startup_stm32f030xc.o(HEAP) for Heap_Mem
    startup_stm32f030xc.o(.text) refers to startup_stm32f030xc.o(STACK) for Stack_Mem
    system_stm32f0xx.o(i.SystemCoreClockUpdate) refers to aeabi_sdiv.o(.text) for __aeabi_uidivmod
    system_stm32f0xx.o(i.SystemCoreClockUpdate) refers to system_stm32f0xx.o(.data) for SystemCoreClock
    system_stm32f0xx.o(i.SystemCoreClockUpdate) refers to system_stm32f0xx.o(.constdata) for AHBPrescTable
    __main.o(!!!main) refers to __rtentry.o(.ARM.Collect$$rtentry$$00000000) for __rt_entry
    d2f.o(.text) refers (Special) to usenofp.o(x$fpl$usenofp) for __I$use$fp
    dflti.o(.text) refers (Special) to usenofp.o(x$fpl$usenofp) for __I$use$fp
    dmul.o(.text) refers (Special) to usenofp.o(x$fpl$usenofp) for __I$use$fp
    f2d.o(.text) refers (Special) to usenofp.o(x$fpl$usenofp) for __I$use$fp
    faddsub.o(x$fpl$fadd) refers (Special) to usenofp.o(x$fpl$usenofp) for __I$use$fp
    faddsub.o(x$fpl$fadd) refers to faddsub.o(x$fpl$fsub) for _fsub1
    faddsub.o(x$fpl$frsb) refers (Special) to usenofp.o(x$fpl$usenofp) for __I$use$fp
    faddsub.o(x$fpl$frsb) refers to faddsub.o(x$fpl$fsub) for _fsub1
    faddsub.o(x$fpl$frsb) refers to faddsub.o(x$fpl$fadd) for _fadd1
    faddsub.o(x$fpl$fsub) refers (Special) to usenofp.o(x$fpl$usenofp) for __I$use$fp
    faddsub.o(x$fpl$fsub) refers to faddsub.o(x$fpl$fadd) for _fadd1
    ffixui.o(.text) refers (Special) to usenofp.o(x$fpl$usenofp) for __I$use$fp
    __rtentry.o(.ARM.Collect$$rtentry$$00000000) refers (Special) to __rtentry2.o(.ARM.Collect$$rtentry$$0000000A) for __rt_entry_li
    __rtentry.o(.ARM.Collect$$rtentry$$00000000) refers (Special) to __rtentry2.o(.ARM.Collect$$rtentry$$0000000D) for __rt_entry_main
    __rtentry.o(.ARM.Collect$$rtentry$$00000000) refers (Special) to __rtentry2.o(.ARM.Collect$$rtentry$$0000000C) for __rt_entry_postli_1
    __rtentry.o(.ARM.Collect$$rtentry$$00000000) refers (Special) to __rtentry2.o(.ARM.Collect$$rtentry$$00000009) for __rt_entry_postsh_1
    __rtentry.o(.ARM.Collect$$rtentry$$00000000) refers (Special) to __rtentry2.o(.ARM.Collect$$rtentry$$00000002) for __rt_entry_presh_1
    __rtentry.o(.ARM.Collect$$rtentry$$00000000) refers (Special) to __rtentry4.o(.ARM.Collect$$rtentry$$00000004) for __rt_entry_sh
    aeabi_idiv0_sigfpe.o(.text) refers to rt_div0.o(.text) for __rt_div0
    aeabi_ldiv0_sigfpe.o(.text) refers to rt_div0.o(.text) for __rt_div0
    __rtentry2.o(.ARM.Collect$$rtentry$$00000008) refers to boardinit2.o(.text) for _platform_post_stackheap_init
    __rtentry2.o(.ARM.Collect$$rtentry$$0000000A) refers to libinit.o(.ARM.Collect$$libinit$$00000000) for __rt_lib_init
    __rtentry2.o(.ARM.Collect$$rtentry$$0000000B) refers to boardinit3.o(.text) for _platform_post_lib_init
    __rtentry2.o(.ARM.Collect$$rtentry$$0000000D) refers to main.o(i.main) for main
    __rtentry2.o(.ARM.Collect$$rtentry$$0000000D) refers to exit.o(.text) for exit
    __rtentry2.o(.ARM.exidx) refers to __rtentry2.o(.ARM.Collect$$rtentry$$00000001) for .ARM.Collect$$rtentry$$00000001
    __rtentry2.o(.ARM.exidx) refers to __rtentry2.o(.ARM.Collect$$rtentry$$00000008) for .ARM.Collect$$rtentry$$00000008
    __rtentry2.o(.ARM.exidx) refers to __rtentry2.o(.ARM.Collect$$rtentry$$0000000A) for .ARM.Collect$$rtentry$$0000000A
    __rtentry2.o(.ARM.exidx) refers to __rtentry2.o(.ARM.Collect$$rtentry$$0000000B) for .ARM.Collect$$rtentry$$0000000B
    __rtentry2.o(.ARM.exidx) refers to __rtentry2.o(.ARM.Collect$$rtentry$$0000000D) for .ARM.Collect$$rtentry$$0000000D
    __rtentry4.o(.ARM.Collect$$rtentry$$00000004) refers to sys_stackheap_outer.o(.text) for __user_setup_stackheap
    __rtentry4.o(.ARM.exidx) refers to __rtentry4.o(.ARM.Collect$$rtentry$$00000004) for .ARM.Collect$$rtentry$$00000004
    rt_div0.o(.text) refers to defsig_fpe_outer.o(.text) for __rt_SIGFPE
    sys_stackheap_outer.o(.text) refers to libspace.o(.text) for __user_perproc_libspace
    sys_stackheap_outer.o(.text) refers to startup_stm32f030xc.o(.text) for __user_initial_stackheap
    sys_stackheap_outer.o(__vectab_stack_and_reset_area) refers to tempstk.o(.text) for __temporary_stack_top
    sys_stackheap_outer.o(__vectab_stack_and_reset_area) refers to __main.o(!!!main) for __main
    exit.o(.text) refers to rtexit.o(.ARM.Collect$$rtexit$$00000000) for __rt_exit
    defsig_fpe_outer.o(.text) refers to defsig_fpe_inner.o(.text) for __rt_SIGFPE_inner
    defsig_fpe_outer.o(.text) refers to defsig_exit.o(.text) for __sig_exit
    defsig_fpe_formal.o(.text) refers to rt_raise.o(.text) for __rt_raise
    libinit.o(.ARM.Collect$$libinit$$00000000) refers (Special) to libinit2.o(.ARM.Collect$$libinit$$0000002E) for __rt_lib_init_alloca_1
    libinit.o(.ARM.Collect$$libinit$$00000000) refers (Special) to libinit2.o(.ARM.Collect$$libinit$$0000002C) for __rt_lib_init_argv_1
    libinit.o(.ARM.Collect$$libinit$$00000000) refers (Special) to libinit2.o(.ARM.Collect$$libinit$$0000001B) for __rt_lib_init_atexit_1
    libinit.o(.ARM.Collect$$libinit$$00000000) refers (Special) to libinit2.o(.ARM.Collect$$libinit$$00000021) for __rt_lib_init_clock_1
    libinit.o(.ARM.Collect$$libinit$$00000000) refers (Special) to libinit2.o(.ARM.Collect$$libinit$$00000032) for __rt_lib_init_cpp_1
    libinit.o(.ARM.Collect$$libinit$$00000000) refers (Special) to libinit2.o(.ARM.Collect$$libinit$$00000030) for __rt_lib_init_exceptions_1
    libinit.o(.ARM.Collect$$libinit$$00000000) refers (Special) to libinit2.o(.ARM.Collect$$libinit$$00000002) for __rt_lib_init_fp_1
    libinit.o(.ARM.Collect$$libinit$$00000000) refers (Special) to libinit2.o(.ARM.Collect$$libinit$$0000001F) for __rt_lib_init_fp_trap_1
    libinit.o(.ARM.Collect$$libinit$$00000000) refers (Special) to libinit2.o(.ARM.Collect$$libinit$$00000023) for __rt_lib_init_getenv_1
    libinit.o(.ARM.Collect$$libinit$$00000000) refers (Special) to libinit2.o(.ARM.Collect$$libinit$$0000000A) for __rt_lib_init_heap_1
    libinit.o(.ARM.Collect$$libinit$$00000000) refers (Special) to libinit2.o(.ARM.Collect$$libinit$$00000011) for __rt_lib_init_lc_collate_1
    libinit.o(.ARM.Collect$$libinit$$00000000) refers (Special) to libinit2.o(.ARM.Collect$$libinit$$00000013) for __rt_lib_init_lc_ctype_1
    libinit.o(.ARM.Collect$$libinit$$00000000) refers (Special) to libinit2.o(.ARM.Collect$$libinit$$00000015) for __rt_lib_init_lc_monetary_1
    libinit.o(.ARM.Collect$$libinit$$00000000) refers (Special) to libinit2.o(.ARM.Collect$$libinit$$00000017) for __rt_lib_init_lc_numeric_1
    libinit.o(.ARM.Collect$$libinit$$00000000) refers (Special) to libinit2.o(.ARM.Collect$$libinit$$00000019) for __rt_lib_init_lc_time_1
    libinit.o(.ARM.Collect$$libinit$$00000000) refers (Special) to libinit2.o(.ARM.Collect$$libinit$$00000004) for __rt_lib_init_preinit_1
    libinit.o(.ARM.Collect$$libinit$$00000000) refers (Special) to libinit2.o(.ARM.Collect$$libinit$$0000000E) for __rt_lib_init_rand_1
    libinit.o(.ARM.Collect$$libinit$$00000000) refers (Special) to libinit2.o(.ARM.Collect$$libinit$$00000033) for __rt_lib_init_return
    libinit.o(.ARM.Collect$$libinit$$00000000) refers (Special) to libinit2.o(.ARM.Collect$$libinit$$0000001D) for __rt_lib_init_signal_1
    libinit.o(.ARM.Collect$$libinit$$00000000) refers (Special) to libinit2.o(.ARM.Collect$$libinit$$00000025) for __rt_lib_init_stdio_1
    libinit.o(.ARM.Collect$$libinit$$00000000) refers (Special) to libinit2.o(.ARM.Collect$$libinit$$0000000C) for __rt_lib_init_user_alloc_1
    libspace.o(.text) refers to libspace.o(.bss) for __libspace_start
    rtexit.o(.ARM.Collect$$rtexit$$00000000) refers (Special) to rtexit2.o(.ARM.Collect$$rtexit$$00000004) for __rt_exit_exit
    rtexit.o(.ARM.Collect$$rtexit$$00000000) refers (Special) to rtexit2.o(.ARM.Collect$$rtexit$$00000003) for __rt_exit_ls
    rtexit.o(.ARM.Collect$$rtexit$$00000000) refers (Special) to rtexit2.o(.ARM.Collect$$rtexit$$00000002) for __rt_exit_prels_1
    rtexit.o(.ARM.exidx) refers (Special) to rtexit2.o(.ARM.Collect$$rtexit$$00000004) for __rt_exit_exit
    rtexit.o(.ARM.exidx) refers (Special) to rtexit2.o(.ARM.Collect$$rtexit$$00000003) for __rt_exit_ls
    rtexit.o(.ARM.exidx) refers (Special) to rtexit2.o(.ARM.Collect$$rtexit$$00000002) for __rt_exit_prels_1
    rtexit.o(.ARM.exidx) refers to rtexit.o(.ARM.Collect$$rtexit$$00000000) for .ARM.Collect$$rtexit$$00000000
    rt_raise.o(.text) refers to __raise.o(.text) for __raise
    rt_raise.o(.text) refers to sys_exit.o(.text) for _sys_exit
    defsig_exit.o(.text) refers to sys_exit.o(.text) for _sys_exit
    defsig_fpe_inner.o(.text) refers to defsig_general.o(.text) for __default_signal_display
    libinit2.o(.ARM.Collect$$libinit$$00000010) refers to libinit2.o(.ARM.Collect$$libinit$$0000000F) for .ARM.Collect$$libinit$$0000000F
    libinit2.o(.ARM.Collect$$libinit$$00000012) refers to libinit2.o(.ARM.Collect$$libinit$$0000000F) for .ARM.Collect$$libinit$$0000000F
    libinit2.o(.ARM.Collect$$libinit$$00000014) refers to libinit2.o(.ARM.Collect$$libinit$$0000000F) for .ARM.Collect$$libinit$$0000000F
    libinit2.o(.ARM.Collect$$libinit$$00000016) refers to libinit2.o(.ARM.Collect$$libinit$$0000000F) for .ARM.Collect$$libinit$$0000000F
    libinit2.o(.ARM.Collect$$libinit$$00000018) refers to libinit2.o(.ARM.Collect$$libinit$$0000000F) for .ARM.Collect$$libinit$$0000000F
    libinit2.o(.ARM.Collect$$libinit$$00000026) refers to argv_veneer.o(.text) for __ARM_argv_veneer
    libinit2.o(.ARM.Collect$$libinit$$00000027) refers to argv_veneer.o(.text) for __ARM_argv_veneer
    sys_exit.o(.text) refers (Special) to use_no_semi.o(.text) for __I$use$semihosting
    sys_exit.o(.text) refers (Special) to indicate_semi.o(.text) for __semihosting_library_function
    rtexit2.o(.ARM.Collect$$rtexit$$00000003) refers to libshutdown.o(.ARM.Collect$$libshutdown$$00000000) for __rt_lib_shutdown
    rtexit2.o(.ARM.Collect$$rtexit$$00000004) refers to sys_exit.o(.text) for _sys_exit
    rtexit2.o(.ARM.exidx) refers to rtexit2.o(.ARM.Collect$$rtexit$$00000001) for .ARM.Collect$$rtexit$$00000001
    rtexit2.o(.ARM.exidx) refers to rtexit2.o(.ARM.Collect$$rtexit$$00000003) for .ARM.Collect$$rtexit$$00000003
    rtexit2.o(.ARM.exidx) refers to rtexit2.o(.ARM.Collect$$rtexit$$00000004) for .ARM.Collect$$rtexit$$00000004
    __raise.o(.text) refers to defsig.o(CL$$defsig) for __default_signal_handler
    defsig_general.o(.text) refers to sys_wrch.o(.text) for _ttywrch
    sys_wrch.o(.text) refers (Special) to use_no_semi.o(.text) for __I$use$semihosting
    sys_wrch.o(.text) refers (Special) to indicate_semi.o(.text) for __semihosting_library_function
    defsig.o(CL$$defsig) refers to defsig_fpe_inner.o(.text) for __rt_SIGFPE_inner
    defsig.o(CL$$defsig) refers to defsig_rtmem_inner.o(.text) for __rt_SIGRTMEM_inner
    _get_argv_nomalloc.o(.text) refers (Special) to hrguard.o(.text) for __heap_region$guard
    _get_argv_nomalloc.o(.text) refers to defsig_rtmem_outer.o(.text) for __rt_SIGRTMEM
    _get_argv_nomalloc.o(.text) refers to sys_command.o(.text) for _sys_command_string
    libshutdown.o(.ARM.Collect$$libshutdown$$00000000) refers (Special) to libshutdown2.o(.ARM.Collect$$libshutdown$$00000002) for __rt_lib_shutdown_cpp_1
    libshutdown.o(.ARM.Collect$$libshutdown$$00000000) refers (Special) to libshutdown2.o(.ARM.Collect$$libshutdown$$00000007) for __rt_lib_shutdown_fp_trap_1
    libshutdown.o(.ARM.Collect$$libshutdown$$00000000) refers (Special) to libshutdown2.o(.ARM.Collect$$libshutdown$$0000000F) for __rt_lib_shutdown_heap_1
    libshutdown.o(.ARM.Collect$$libshutdown$$00000000) refers (Special) to libshutdown2.o(.ARM.Collect$$libshutdown$$00000010) for __rt_lib_shutdown_return
    libshutdown.o(.ARM.Collect$$libshutdown$$00000000) refers (Special) to libshutdown2.o(.ARM.Collect$$libshutdown$$0000000A) for __rt_lib_shutdown_signal_1
    libshutdown.o(.ARM.Collect$$libshutdown$$00000000) refers (Special) to libshutdown2.o(.ARM.Collect$$libshutdown$$00000004) for __rt_lib_shutdown_stdio_1
    libshutdown.o(.ARM.Collect$$libshutdown$$00000000) refers (Special) to libshutdown2.o(.ARM.Collect$$libshutdown$$0000000C) for __rt_lib_shutdown_user_alloc_1
    sys_command.o(.text) refers (Special) to use_no_semi.o(.text) for __I$use$semihosting
    sys_command.o(.text) refers (Special) to indicate_semi.o(.text) for __semihosting_library_function
    defsig_abrt_inner.o(.text) refers to defsig_general.o(.text) for __default_signal_display
    defsig_rtred_inner.o(.text) refers to defsig_general.o(.text) for __default_signal_display
    defsig_rtmem_inner.o(.text) refers to defsig_general.o(.text) for __default_signal_display
    defsig_rtmem_outer.o(.text) refers to defsig_rtmem_inner.o(.text) for __rt_SIGRTMEM_inner
    defsig_rtmem_outer.o(.text) refers to defsig_exit.o(.text) for __sig_exit
    defsig_rtmem_formal.o(.text) refers to rt_raise.o(.text) for __rt_raise
    defsig_stak_inner.o(.text) refers to defsig_general.o(.text) for __default_signal_display
    defsig_pvfn_inner.o(.text) refers to defsig_general.o(.text) for __default_signal_display
    defsig_cppl_inner.o(.text) refers to defsig_general.o(.text) for __default_signal_display
    defsig_segv_inner.o(.text) refers to defsig_general.o(.text) for __default_signal_display
    defsig_other.o(.text) refers to defsig_general.o(.text) for __default_signal_display


==============================================================================

Removing Unused input sections from the image.

    Removing main.o(.rev16_text), (4 bytes).
    Removing main.o(.revsh_text), (4 bytes).
    Removing radio.o(.rev16_text), (4 bytes).
    Removing radio.o(.revsh_text), (4 bytes).
    Removing radio.o(i.SetOpMode), (18 bytes).
    Removing hardware.o(.rev16_text), (4 bytes).
    Removing hardware.o(.revsh_text), (4 bytes).
    Removing eeprom.o(.rev16_text), (4 bytes).
    Removing eeprom.o(.revsh_text), (4 bytes).
    Removing eeprom.o(i.EE_ERASE), (144 bytes).
    Removing eeprom.o(i.EE_ERASE_ALL), (132 bytes).
    Removing eeprom.o(i.EE_EWDS), (56 bytes).
    Removing eeprom.o(i.EE_WRITE), (176 bytes).
    Removing oled.o(.rev16_text), (4 bytes).
    Removing oled.o(.revsh_text), (4 bytes).
    Removing com_io.o(.rev16_text), (4 bytes).
    Removing com_io.o(.revsh_text), (4 bytes).
    Removing com_io.o(i.ClrRX), (44 bytes).
    Removing com_io.o(i.ClrTX), (44 bytes).
    Removing com_io.o(i.comms_getch), (68 bytes).
    Removing com_io.o(i.is_Char), (28 bytes).
    Removing system_stm32f0xx.o(.rev16_text), (4 bytes).
    Removing system_stm32f0xx.o(.revsh_text), (4 bytes).

23 unused section(s) (total 766 bytes) removed from the image.

==============================================================================

Image Symbol Table

    Local Symbols

    Symbol Name                              Value     Ov Type        Size  Object(Section)

    ../clib/angel/boardlib.s                 0x00000000   Number         0  boardinit1.o ABSOLUTE
    ../clib/angel/boardlib.s                 0x00000000   Number         0  boardinit3.o ABSOLUTE
    ../clib/angel/boardlib.s                 0x00000000   Number         0  boardshut.o ABSOLUTE
    ../clib/angel/boardlib.s                 0x00000000   Number         0  boardinit2.o ABSOLUTE
    ../clib/angel/handlers.s                 0x00000000   Number         0  __scatter_zi.o ABSOLUTE
    ../clib/angel/handlers.s                 0x00000000   Number         0  __scatter_copy.o ABSOLUTE
    ../clib/angel/kernel.s                   0x00000000   Number         0  rtexit2.o ABSOLUTE
    ../clib/angel/kernel.s                   0x00000000   Number         0  __rtentry.o ABSOLUTE
    ../clib/angel/kernel.s                   0x00000000   Number         0  __rtentry4.o ABSOLUTE
    ../clib/angel/kernel.s                   0x00000000   Number         0  rtexit.o ABSOLUTE
    ../clib/angel/kernel.s                   0x00000000   Number         0  __rtentry2.o ABSOLUTE
    ../clib/angel/rt.s                       0x00000000   Number         0  aeabi_ldiv0_sigfpe.o ABSOLUTE
    ../clib/angel/rt.s                       0x00000000   Number         0  aeabi_idiv0_sigfpe.o ABSOLUTE
    ../clib/angel/rt.s                       0x00000000   Number         0  aeabi_idiv0.o ABSOLUTE
    ../clib/angel/rt.s                       0x00000000   Number         0  aeabi_ldiv0.o ABSOLUTE
    ../clib/angel/rt.s                       0x00000000   Number         0  rt_div0.o ABSOLUTE
    ../clib/angel/rt.s                       0x00000000   Number         0  rt_raise.o ABSOLUTE
    ../clib/angel/scatterp.s                 0x00000000   Number         0  __scatter.o ABSOLUTE
    ../clib/angel/startup.s                  0x00000000   Number         0  __main.o ABSOLUTE
    ../clib/angel/sys.s                      0x00000000   Number         0  libspace.o ABSOLUTE
    ../clib/angel/sys.s                      0x00000000   Number         0  tempstk.o ABSOLUTE
    ../clib/angel/sys.s                      0x00000000   Number         0  indicate_semi.o ABSOLUTE
    ../clib/angel/sys.s                      0x00000000   Number         0  use_no_semi.o ABSOLUTE
    ../clib/angel/sys.s                      0x00000000   Number         0  sys_stackheap_outer.o ABSOLUTE
    ../clib/angel/sysapp.c                   0x00000000   Number         0  sys_wrch.o ABSOLUTE
    ../clib/angel/sysapp.c                   0x00000000   Number         0  sys_exit.o ABSOLUTE
    ../clib/angel/sysapp.c                   0x00000000   Number         0  sys_command.o ABSOLUTE
    ../clib/armsys.c                         0x00000000   Number         0  _get_argv_nomalloc.o ABSOLUTE
    ../clib/armsys.c                         0x00000000   Number         0  argv_veneer.o ABSOLUTE
    ../clib/armsys.c                         0x00000000   Number         0  no_argv.o ABSOLUTE
    ../clib/division.c                       0x00000000   Number         0  lludiv.o ABSOLUTE
    ../clib/division.s                       0x00000000   Number         0  aeabi_sdiv_div0.o ABSOLUTE
    ../clib/division.s                       0x00000000   Number         0  aeabi_sdiv.o ABSOLUTE
    ../clib/heapalloc.c                      0x00000000   Number         0  hrguard.o ABSOLUTE
    ../clib/heapaux.c                        0x00000000   Number         0  heapauxi.o ABSOLUTE
    ../clib/libinit.s                        0x00000000   Number         0  libshutdown2.o ABSOLUTE
    ../clib/libinit.s                        0x00000000   Number         0  libinit2.o ABSOLUTE
    ../clib/libinit.s                        0x00000000   Number         0  libshutdown.o ABSOLUTE
    ../clib/libinit.s                        0x00000000   Number         0  libinit.o ABSOLUTE
    ../clib/signal.c                         0x00000000   Number         0  defsig_rtmem_formal.o ABSOLUTE
    ../clib/signal.c                         0x00000000   Number         0  defsig_rtmem_outer.o ABSOLUTE
    ../clib/signal.c                         0x00000000   Number         0  defsig_rtmem_inner.o ABSOLUTE
    ../clib/signal.c                         0x00000000   Number         0  defsig_rtred_inner.o ABSOLUTE
    ../clib/signal.c                         0x00000000   Number         0  defsig_abrt_inner.o ABSOLUTE
    ../clib/signal.c                         0x00000000   Number         0  defsig_cppl_inner.o ABSOLUTE
    ../clib/signal.c                         0x00000000   Number         0  __raise.o ABSOLUTE
    ../clib/signal.c                         0x00000000   Number         0  defsig_general.o ABSOLUTE
    ../clib/signal.c                         0x00000000   Number         0  defsig_other.o ABSOLUTE
    ../clib/signal.c                         0x00000000   Number         0  defsig_fpe_inner.o ABSOLUTE
    ../clib/signal.c                         0x00000000   Number         0  defsig_exit.o ABSOLUTE
    ../clib/signal.c                         0x00000000   Number         0  defsig_pvfn_inner.o ABSOLUTE
    ../clib/signal.c                         0x00000000   Number         0  defsig_stak_inner.o ABSOLUTE
    ../clib/signal.c                         0x00000000   Number         0  defsig_fpe_outer.o ABSOLUTE
    ../clib/signal.c                         0x00000000   Number         0  defsig_fpe_formal.o ABSOLUTE
    ../clib/signal.c                         0x00000000   Number         0  defsig_segv_inner.o ABSOLUTE
    ../clib/signal.s                         0x00000000   Number         0  defsig.o ABSOLUTE
    ../clib/stdlib.c                         0x00000000   Number         0  exit.o ABSOLUTE
    ../clib/string.c                         0x00000000   Number         0  strlen.o ABSOLUTE
    ../fplib/cfplib/d2f.c                    0x00000000   Number         0  d2f.o ABSOLUTE
    ../fplib/cfplib/dmul.c                   0x00000000   Number         0  dmul.o ABSOLUTE
    ../fplib/cfplib/f2d.c                    0x00000000   Number         0  f2d.o ABSOLUTE
    ../fplib/cfplib/ffix.c                   0x00000000   Number         0  ffixui.o ABSOLUTE
    ../fplib/cfplib/fflt.c                   0x00000000   Number         0  dflti.o ABSOLUTE
    ../fplib/cfplib/fpinit.c                 0x00000000   Number         0  fpinit.o ABSOLUTE
    ../fplib/faddsub6m.s                     0x00000000   Number         0  faddsub.o ABSOLUTE
    ../fplib/usenofp.s                       0x00000000   Number         0  usenofp.o ABSOLUTE
    EEPROM.c                                 0x00000000   Number         0  eeprom.o ABSOLUTE
    EEPROM.c                                 0x00000000   Number         0  eeprom.o ABSOLUTE
    RTE\Device\STM32F030RCTx\startup_stm32f030xc.s 0x00000000   Number         0  startup_stm32f030xc.o ABSOLUTE
    RTE\Device\STM32F030RCTx\system_stm32f0xx.c 0x00000000   Number         0  system_stm32f0xx.o ABSOLUTE
    RTE\\Device\\STM32F030RCTx\\system_stm32f0xx.c 0x00000000   Number         0  system_stm32f0xx.o ABSOLUTE
    com_io.c                                 0x00000000   Number         0  com_io.o ABSOLUTE
    com_io.c                                 0x00000000   Number         0  com_io.o ABSOLUTE
    dc.s                                     0x00000000   Number         0  dc.o ABSOLUTE
    hardware.c                               0x00000000   Number         0  hardware.o ABSOLUTE
    hardware.c                               0x00000000   Number         0  hardware.o ABSOLUTE
    main.c                                   0x00000000   Number         0  main.o ABSOLUTE
    main.c                                   0x00000000   Number         0  main.o ABSOLUTE
    oled.c                                   0x00000000   Number         0  oled.o ABSOLUTE
    oled.c                                   0x00000000   Number         0  oled.o ABSOLUTE
    radio.c                                  0x00000000   Number         0  radio.o ABSOLUTE
    radio.c                                  0x00000000   Number         0  radio.o ABSOLUTE
    RESET                                    0x08000000   Section      184  startup_stm32f030xc.o(RESET)
    !!!main                                  0x080000b8   Section        8  __main.o(!!!main)
    !!!scatter                               0x080000c0   Section       60  __scatter.o(!!!scatter)
    !!handler_copy                           0x080000fc   Section       26  __scatter_copy.o(!!handler_copy)
    !!handler_zi                             0x08000118   Section       28  __scatter_zi.o(!!handler_zi)
    .ARM.Collect$$libinit$$00000000          0x08000134   Section        2  libinit.o(.ARM.Collect$$libinit$$00000000)
    .ARM.Collect$$libinit$$00000002          0x08000136   Section        0  libinit2.o(.ARM.Collect$$libinit$$00000002)
    .ARM.Collect$$libinit$$00000004          0x08000136   Section        0  libinit2.o(.ARM.Collect$$libinit$$00000004)
    .ARM.Collect$$libinit$$0000000A          0x08000136   Section        0  libinit2.o(.ARM.Collect$$libinit$$0000000A)
    .ARM.Collect$$libinit$$0000000C          0x08000136   Section        0  libinit2.o(.ARM.Collect$$libinit$$0000000C)
    .ARM.Collect$$libinit$$0000000E          0x08000136   Section        0  libinit2.o(.ARM.Collect$$libinit$$0000000E)
    .ARM.Collect$$libinit$$00000011          0x08000136   Section        0  libinit2.o(.ARM.Collect$$libinit$$00000011)
    .ARM.Collect$$libinit$$00000013          0x08000136   Section        0  libinit2.o(.ARM.Collect$$libinit$$00000013)
    .ARM.Collect$$libinit$$00000015          0x08000136   Section        0  libinit2.o(.ARM.Collect$$libinit$$00000015)
    .ARM.Collect$$libinit$$00000017          0x08000136   Section        0  libinit2.o(.ARM.Collect$$libinit$$00000017)
    .ARM.Collect$$libinit$$00000019          0x08000136   Section        0  libinit2.o(.ARM.Collect$$libinit$$00000019)
    .ARM.Collect$$libinit$$0000001B          0x08000136   Section        0  libinit2.o(.ARM.Collect$$libinit$$0000001B)
    .ARM.Collect$$libinit$$0000001D          0x08000136   Section        0  libinit2.o(.ARM.Collect$$libinit$$0000001D)
    .ARM.Collect$$libinit$$0000001F          0x08000136   Section        0  libinit2.o(.ARM.Collect$$libinit$$0000001F)
    .ARM.Collect$$libinit$$00000021          0x08000136   Section        0  libinit2.o(.ARM.Collect$$libinit$$00000021)
    .ARM.Collect$$libinit$$00000023          0x08000136   Section        0  libinit2.o(.ARM.Collect$$libinit$$00000023)
    .ARM.Collect$$libinit$$00000025          0x08000136   Section        0  libinit2.o(.ARM.Collect$$libinit$$00000025)
    .ARM.Collect$$libinit$$0000002C          0x08000136   Section        0  libinit2.o(.ARM.Collect$$libinit$$0000002C)
    .ARM.Collect$$libinit$$0000002E          0x08000136   Section        0  libinit2.o(.ARM.Collect$$libinit$$0000002E)
    .ARM.Collect$$libinit$$00000030          0x08000136   Section        0  libinit2.o(.ARM.Collect$$libinit$$00000030)
    .ARM.Collect$$libinit$$00000032          0x08000136   Section        0  libinit2.o(.ARM.Collect$$libinit$$00000032)
    .ARM.Collect$$libinit$$00000033          0x08000136   Section        2  libinit2.o(.ARM.Collect$$libinit$$00000033)
    .ARM.Collect$$libshutdown$$00000000      0x08000138   Section        2  libshutdown.o(.ARM.Collect$$libshutdown$$00000000)
    .ARM.Collect$$libshutdown$$00000002      0x0800013a   Section        0  libshutdown2.o(.ARM.Collect$$libshutdown$$00000002)
    .ARM.Collect$$libshutdown$$00000004      0x0800013a   Section        0  libshutdown2.o(.ARM.Collect$$libshutdown$$00000004)
    .ARM.Collect$$libshutdown$$00000007      0x0800013a   Section        0  libshutdown2.o(.ARM.Collect$$libshutdown$$00000007)
    .ARM.Collect$$libshutdown$$0000000A      0x0800013a   Section        0  libshutdown2.o(.ARM.Collect$$libshutdown$$0000000A)
    .ARM.Collect$$libshutdown$$0000000C      0x0800013a   Section        0  libshutdown2.o(.ARM.Collect$$libshutdown$$0000000C)
    .ARM.Collect$$libshutdown$$0000000F      0x0800013a   Section        0  libshutdown2.o(.ARM.Collect$$libshutdown$$0000000F)
    .ARM.Collect$$libshutdown$$00000010      0x0800013a   Section        2  libshutdown2.o(.ARM.Collect$$libshutdown$$00000010)
    .ARM.Collect$$rtentry$$00000000          0x0800013c   Section        0  __rtentry.o(.ARM.Collect$$rtentry$$00000000)
    .ARM.Collect$$rtentry$$00000002          0x0800013c   Section        0  __rtentry2.o(.ARM.Collect$$rtentry$$00000002)
    .ARM.Collect$$rtentry$$00000004          0x0800013c   Section        6  __rtentry4.o(.ARM.Collect$$rtentry$$00000004)
    .ARM.Collect$$rtentry$$00000009          0x08000142   Section        0  __rtentry2.o(.ARM.Collect$$rtentry$$00000009)
    .ARM.Collect$$rtentry$$0000000A          0x08000142   Section        4  __rtentry2.o(.ARM.Collect$$rtentry$$0000000A)
    .ARM.Collect$$rtentry$$0000000C          0x08000146   Section        0  __rtentry2.o(.ARM.Collect$$rtentry$$0000000C)
    .ARM.Collect$$rtentry$$0000000D          0x08000146   Section        8  __rtentry2.o(.ARM.Collect$$rtentry$$0000000D)
    .ARM.Collect$$rtexit$$00000000           0x0800014e   Section        2  rtexit.o(.ARM.Collect$$rtexit$$00000000)
    .ARM.Collect$$rtexit$$00000002           0x08000150   Section        0  rtexit2.o(.ARM.Collect$$rtexit$$00000002)
    .ARM.Collect$$rtexit$$00000003           0x08000150   Section        4  rtexit2.o(.ARM.Collect$$rtexit$$00000003)
    .ARM.Collect$$rtexit$$00000004           0x08000154   Section        6  rtexit2.o(.ARM.Collect$$rtexit$$00000004)
    .text                                    0x0800015c   Section       56  startup_stm32f030xc.o(.text)
    .text                                    0x08000194   Section        0  lludiv.o(.text)
    .text                                    0x08000298   Section        0  strlen.o(.text)
    .text                                    0x080002dc   Section      346  aeabi_sdiv.o(.text)
    .text                                    0x08000436   Section        0  heapauxi.o(.text)
    .text                                    0x0800043c   Section        0  d2f.o(.text)
    .text                                    0x080004b8   Section        0  dflti.o(.text)
    .text                                    0x08000510   Section        0  dmul.o(.text)
    .text                                    0x08000758   Section        0  f2d.o(.text)
    .text                                    0x080007ac   Section        0  ffixui.o(.text)
    .text                                    0x080007dc   Section       62  sys_stackheap_outer.o(.text)
    .text                                    0x0800081a   Section        0  exit.o(.text)
    .text                                    0x0800082c   Section        8  libspace.o(.text)
    .text                                    0x08000834   Section        0  sys_exit.o(.text)
    .text                                    0x08000840   Section        2  use_no_semi.o(.text)
    .text                                    0x08000842   Section        0  indicate_semi.o(.text)
    i.ADC_Setup                              0x08000844   Section        0  hardware.o(i.ADC_Setup)
    i.BB_ReadData                            0x08000928   Section        0  eeprom.o(i.BB_ReadData)
    i.BB_WriteData                           0x080009c0   Section        0  eeprom.o(i.BB_WriteData)
    i.DisableADC                             0x08000a6c   Section        0  main.o(i.DisableADC)
    i.EE_EWEN                                0x08000ab4   Section        0  eeprom.o(i.EE_EWEN)
    i.EE_READ                                0x08000af4   Section        0  eeprom.o(i.EE_READ)
    i.EnableADC                              0x08000b40   Section        0  main.o(i.EnableADC)
    i.GetAnalogVal                           0x08000b7c   Section        0  main.o(i.GetAnalogVal)
    i.GetDeviceAddress                       0x08000bb4   Section        0  main.o(i.GetDeviceAddress)
    i.GetVddVal                              0x08000c60   Section        0  main.o(i.GetVddVal)
    i.Get_ADC_Val                            0x08000d0c   Section        0  main.o(i.Get_ADC_Val)
    i.LoRaAvailable                          0x08000d58   Section        0  radio.o(i.LoRaAvailable)
    i.LoRaPrint                              0x08000d6c   Section        0  radio.o(i.LoRaPrint)
    i.LoRaSetup                              0x08000dac   Section        0  radio.o(i.LoRaSetup)
    i.LoraRead                               0x08000e34   Section        0  radio.o(i.LoraRead)
    i.OLED_ClearLine                         0x08000e58   Section        0  oled.o(i.OLED_ClearLine)
    i.OLED_Clr                               0x08000e8e   Section        0  oled.o(i.OLED_Clr)
    i.OLED_Reset                             0x08000ecc   Section        0  oled.o(i.OLED_Reset)
    i.OLED_init                              0x08000f04   Section        0  oled.o(i.OLED_init)
    i.Ports_Setup                            0x08000fb0   Section        0  hardware.o(i.Ports_Setup)
    i.PrintOLED                              0x080011d0   Section        0  com_io.o(i.PrintOLED)
    i.PrintfP                                0x0800125c   Section        0  com_io.o(i.PrintfP)
    i.PutChar                                0x08001310   Section        0  com_io.o(i.PutChar)
    i.SPI_Read                               0x0800135c   Section        0  radio.o(i.SPI_Read)
    i.SPI_Write                              0x08001390   Section        0  radio.o(i.SPI_Write)
    i.Set_Frequency                          0x080013c4   Section        0  radio.o(i.Set_Frequency)
    i.Set_Mode                               0x08001410   Section        0  hardware.o(i.Set_Mode)
    i.Set_Pin                                0x08001420   Section        0  hardware.o(i.Set_Pin)
    i.Set_Pull                               0x08001472   Section        0  hardware.o(i.Set_Pull)
    i.Set_Speed                              0x08001482   Section        0  hardware.o(i.Set_Speed)
    i.Set_Type                               0x08001492   Section        0  hardware.o(i.Set_Type)
    i.Setup                                  0x080014a0   Section        0  hardware.o(i.Setup)
    i.SysTick_Handler                        0x080015cc   Section        0  main.o(i.SysTick_Handler)
    i.SysTick_Init                           0x080015fc   Section        0  hardware.o(i.SysTick_Init)
    i.SystemClock_Config                     0x08001648   Section        0  hardware.o(i.SystemClock_Config)
    i.SystemCoreClockUpdate                  0x08001710   Section        0  system_stm32f0xx.o(i.SystemCoreClockUpdate)
    i.SystemInit                             0x080017c4   Section        0  system_stm32f0xx.o(i.SystemInit)
    i.TIM17_IRQHandler                       0x08001838   Section        0  main.o(i.TIM17_IRQHandler)
    i.TIM17_Setup                            0x08001858   Section        0  hardware.o(i.TIM17_Setup)
    i.TIM3_IRQHandler                        0x08001890   Section        0  main.o(i.TIM3_IRQHandler)
    i.TIM3_Setup                             0x080018dc   Section        0  hardware.o(i.TIM3_Setup)
    i.TestLoRaReceiver                       0x08001918   Section        0  radio.o(i.TestLoRaReceiver)
    i.TestLoRaTransmitter                    0x080019d8   Section        0  radio.o(i.TestLoRaTransmitter)
    i.TransferBuffer                         0x08001a58   Section        0  oled.o(i.TransferBuffer)
    i.UART_Setup                             0x08001bdc   Section        0  hardware.o(i.UART_Setup)
    i.USART1_IRQHandler                      0x08001ca8   Section        0  com_io.o(i.USART1_IRQHandler)
    i.__NVIC_EnableIRQ                       0x08001d58   Section        0  hardware.o(i.__NVIC_EnableIRQ)
    __NVIC_EnableIRQ                         0x08001d59   Thumb Code    26  hardware.o(i.__NVIC_EnableIRQ)
    i.__NVIC_SetPriority                     0x08001d78   Section        0  hardware.o(i.__NVIC_SetPriority)
    __NVIC_SetPriority                       0x08001d79   Thumb Code   110  hardware.o(i.__NVIC_SetPriority)
    i.beginPacket                            0x08001df0   Section        0  radio.o(i.beginPacket)
    i.delaymms                               0x08001e10   Section        0  main.o(i.delaymms)
    i.delayuus                               0x08001e28   Section        0  main.o(i.delayuus)
    i.endPacket                              0x08001e3c   Section        0  radio.o(i.endPacket)
    i.explicitHeaderMode                     0x08001e60   Section        0  radio.o(i.explicitHeaderMode)
    i.getTemperature                         0x08001e78   Section        0  main.o(i.getTemperature)
    i.idle                                   0x08001f08   Section        0  radio.o(i.idle)
    i.int_asci_print                         0x08001f14   Section        0  com_io.o(i.int_asci_print)
    i.int_asci_print2                        0x08002080   Section        0  com_io.o(i.int_asci_print2)
    i.int_hexasci_print                      0x08002200   Section        0  com_io.o(i.int_hexasci_print)
    i.main                                   0x08002250   Section        0  main.o(i.main)
    i.parsePacket                            0x08002284   Section        0  radio.o(i.parsePacket)
    i.setColAddress                          0x080022f0   Section        0  oled.o(i.setColAddress)
    i.setOCP                                 0x0800230a   Section        0  radio.o(i.setOCP)
    i.setPageAddress                         0x08002344   Section        0  oled.o(i.setPageAddress)
    i.setTxPower                             0x0800235e   Section        0  radio.o(i.setTxPower)
    i.sleep                                  0x08002380   Section        0  radio.o(i.sleep)
    i.ssd1306_WriteCommand                   0x0800238c   Section        0  oled.o(i.ssd1306_WriteCommand)
    i.ssd1306_WriteData1                     0x080023e0   Section        0  oled.o(i.ssd1306_WriteData1)
    x$fpl$fadd                               0x08002440   Section      140  faddsub.o(x$fpl$fadd)
    _fadd1                                   0x0800244d   Thumb Code     0  faddsub.o(x$fpl$fadd)
    x$fpl$fsub                               0x080024cc   Section      208  faddsub.o(x$fpl$fsub)
    _fsub1                                   0x080024d9   Thumb Code     0  faddsub.o(x$fpl$fsub)
    .constdata                               0x0800259c   Section     1565  oled.o(.constdata)
    x$fpl$usenofp                            0x0800259c   Section        0  usenofp.o(x$fpl$usenofp)
    .constdata                               0x08002bb9   Section       24  system_stm32f0xx.o(.constdata)
    .data                                    0x20000000   Section       30  main.o(.data)
    systick                                  0x20000000   Data           4  main.o(.data)
    .data                                    0x2000001e   Section        2  radio.o(.data)
    .data                                    0x20000020   Section        8  com_io.o(.data)
    .data                                    0x20000028   Section        4  system_stm32f0xx.o(.data)
    .bss                                     0x2000002c   Section      256  com_io.o(.bss)
    .bss                                     0x2000012c   Section       96  libspace.o(.bss)
    HEAP                                     0x20000190   Section      512  startup_stm32f030xc.o(HEAP)
    Heap_Mem                                 0x20000190   Data         512  startup_stm32f030xc.o(HEAP)
    STACK                                    0x20000390   Section     1024  startup_stm32f030xc.o(STACK)
    Stack_Mem                                0x20000390   Data        1024  startup_stm32f030xc.o(STACK)
    __initial_sp                             0x20000790   Data           0  startup_stm32f030xc.o(STACK)

    Global Symbols

    Symbol Name                              Value     Ov Type        Size  Object(Section)

    BuildAttributes$$THM_ISAv3M$S$PE$A:L22$X:L11$S22$IEEE1$IW$USESV6$~STKCKD$USESV7$~SHL$OSPACE$ROPI$EBA8$UX$STANDARDLIB$REQ8$PRES8$EABIv2 0x00000000   Number         0  anon$$obj.o ABSOLUTE
    __ARM_use_no_argv                        0x00000000   Number         0  main.o ABSOLUTE
    __ARM_exceptions_init                     - Undefined Weak Reference
    __alloca_initialize                       - Undefined Weak Reference
    __arm_preinit_                            - Undefined Weak Reference
    __cpp_initialize__aeabi_                  - Undefined Weak Reference
    __cxa_finalize                            - Undefined Weak Reference
    __rt_locale                               - Undefined Weak Reference
    __sigvec_lookup                           - Undefined Weak Reference
    _atexit_init                              - Undefined Weak Reference
    _call_atexit_fns                          - Undefined Weak Reference
    _clock_init                               - Undefined Weak Reference
    _fp_trap_init                             - Undefined Weak Reference
    _fp_trap_shutdown                         - Undefined Weak Reference
    _get_lc_collate                           - Undefined Weak Reference
    _get_lc_ctype                             - Undefined Weak Reference
    _get_lc_monetary                          - Undefined Weak Reference
    _get_lc_numeric                           - Undefined Weak Reference
    _get_lc_time                              - Undefined Weak Reference
    _getenv_init                              - Undefined Weak Reference
    _handle_redirection                       - Undefined Weak Reference
    _init_alloc                               - Undefined Weak Reference
    _init_user_alloc                          - Undefined Weak Reference
    _initio                                   - Undefined Weak Reference
    _rand_init                                - Undefined Weak Reference
    _signal_finish                            - Undefined Weak Reference
    _signal_init                              - Undefined Weak Reference
    _terminate_alloc                          - Undefined Weak Reference
    _terminate_user_alloc                     - Undefined Weak Reference
    _terminateio                              - Undefined Weak Reference
    __Vectors_Size                           0x000000b8   Number         0  startup_stm32f030xc.o ABSOLUTE
    __Vectors                                0x08000000   Data           4  startup_stm32f030xc.o(RESET)
    __Vectors_End                            0x080000b8   Data           0  startup_stm32f030xc.o(RESET)
    __main                                   0x080000b9   Thumb Code     8  __main.o(!!!main)
    __scatterload                            0x080000c1   Thumb Code     0  __scatter.o(!!!scatter)
    __scatterload_rt2                        0x080000c1   Thumb Code    52  __scatter.o(!!!scatter)
    __scatterload_rt2_thumb_only             0x080000c1   Thumb Code     0  __scatter.o(!!!scatter)
    __scatterload_null                       0x080000d1   Thumb Code     0  __scatter.o(!!!scatter)
    __scatterload_copy                       0x080000fd   Thumb Code    26  __scatter_copy.o(!!handler_copy)
    __scatterload_zeroinit                   0x08000119   Thumb Code    28  __scatter_zi.o(!!handler_zi)
    __rt_lib_init                            0x08000135   Thumb Code     0  libinit.o(.ARM.Collect$$libinit$$00000000)
    __rt_lib_init_alloca_1                   0x08000137   Thumb Code     0  libinit2.o(.ARM.Collect$$libinit$$0000002E)
    __rt_lib_init_argv_1                     0x08000137   Thumb Code     0  libinit2.o(.ARM.Collect$$libinit$$0000002C)
    __rt_lib_init_atexit_1                   0x08000137   Thumb Code     0  libinit2.o(.ARM.Collect$$libinit$$0000001B)
    __rt_lib_init_clock_1                    0x08000137   Thumb Code     0  libinit2.o(.ARM.Collect$$libinit$$00000021)
    __rt_lib_init_cpp_1                      0x08000137   Thumb Code     0  libinit2.o(.ARM.Collect$$libinit$$00000032)
    __rt_lib_init_exceptions_1               0x08000137   Thumb Code     0  libinit2.o(.ARM.Collect$$libinit$$00000030)
    __rt_lib_init_fp_1                       0x08000137   Thumb Code     0  libinit2.o(.ARM.Collect$$libinit$$00000002)
    __rt_lib_init_fp_trap_1                  0x08000137   Thumb Code     0  libinit2.o(.ARM.Collect$$libinit$$0000001F)
    __rt_lib_init_getenv_1                   0x08000137   Thumb Code     0  libinit2.o(.ARM.Collect$$libinit$$00000023)
    __rt_lib_init_heap_1                     0x08000137   Thumb Code     0  libinit2.o(.ARM.Collect$$libinit$$0000000A)
    __rt_lib_init_lc_collate_1               0x08000137   Thumb Code     0  libinit2.o(.ARM.Collect$$libinit$$00000011)
    __rt_lib_init_lc_ctype_1                 0x08000137   Thumb Code     0  libinit2.o(.ARM.Collect$$libinit$$00000013)
    __rt_lib_init_lc_monetary_1              0x08000137   Thumb Code     0  libinit2.o(.ARM.Collect$$libinit$$00000015)
    __rt_lib_init_lc_numeric_1               0x08000137   Thumb Code     0  libinit2.o(.ARM.Collect$$libinit$$00000017)
    __rt_lib_init_lc_time_1                  0x08000137   Thumb Code     0  libinit2.o(.ARM.Collect$$libinit$$00000019)
    __rt_lib_init_preinit_1                  0x08000137   Thumb Code     0  libinit2.o(.ARM.Collect$$libinit$$00000004)
    __rt_lib_init_rand_1                     0x08000137   Thumb Code     0  libinit2.o(.ARM.Collect$$libinit$$0000000E)
    __rt_lib_init_return                     0x08000137   Thumb Code     0  libinit2.o(.ARM.Collect$$libinit$$00000033)
    __rt_lib_init_signal_1                   0x08000137   Thumb Code     0  libinit2.o(.ARM.Collect$$libinit$$0000001D)
    __rt_lib_init_stdio_1                    0x08000137   Thumb Code     0  libinit2.o(.ARM.Collect$$libinit$$00000025)
    __rt_lib_init_user_alloc_1               0x08000137   Thumb Code     0  libinit2.o(.ARM.Collect$$libinit$$0000000C)
    __rt_lib_shutdown                        0x08000139   Thumb Code     0  libshutdown.o(.ARM.Collect$$libshutdown$$00000000)
    __rt_lib_shutdown_cpp_1                  0x0800013b   Thumb Code     0  libshutdown2.o(.ARM.Collect$$libshutdown$$00000002)
    __rt_lib_shutdown_fp_trap_1              0x0800013b   Thumb Code     0  libshutdown2.o(.ARM.Collect$$libshutdown$$00000007)
    __rt_lib_shutdown_heap_1                 0x0800013b   Thumb Code     0  libshutdown2.o(.ARM.Collect$$libshutdown$$0000000F)
    __rt_lib_shutdown_return                 0x0800013b   Thumb Code     0  libshutdown2.o(.ARM.Collect$$libshutdown$$00000010)
    __rt_lib_shutdown_signal_1               0x0800013b   Thumb Code     0  libshutdown2.o(.ARM.Collect$$libshutdown$$0000000A)
    __rt_lib_shutdown_stdio_1                0x0800013b   Thumb Code     0  libshutdown2.o(.ARM.Collect$$libshutdown$$00000004)
    __rt_lib_shutdown_user_alloc_1           0x0800013b   Thumb Code     0  libshutdown2.o(.ARM.Collect$$libshutdown$$0000000C)
    __rt_entry                               0x0800013d   Thumb Code     0  __rtentry.o(.ARM.Collect$$rtentry$$00000000)
    __rt_entry_presh_1                       0x0800013d   Thumb Code     0  __rtentry2.o(.ARM.Collect$$rtentry$$00000002)
    __rt_entry_sh                            0x0800013d   Thumb Code     0  __rtentry4.o(.ARM.Collect$$rtentry$$00000004)
    __rt_entry_li                            0x08000143   Thumb Code     0  __rtentry2.o(.ARM.Collect$$rtentry$$0000000A)
    __rt_entry_postsh_1                      0x08000143   Thumb Code     0  __rtentry2.o(.ARM.Collect$$rtentry$$00000009)
    __rt_entry_main                          0x08000147   Thumb Code     0  __rtentry2.o(.ARM.Collect$$rtentry$$0000000D)
    __rt_entry_postli_1                      0x08000147   Thumb Code     0  __rtentry2.o(.ARM.Collect$$rtentry$$0000000C)
    __rt_exit                                0x0800014f   Thumb Code     0  rtexit.o(.ARM.Collect$$rtexit$$00000000)
    __rt_exit_ls                             0x08000151   Thumb Code     0  rtexit2.o(.ARM.Collect$$rtexit$$00000003)
    __rt_exit_prels_1                        0x08000151   Thumb Code     0  rtexit2.o(.ARM.Collect$$rtexit$$00000002)
    __rt_exit_exit                           0x08000155   Thumb Code     0  rtexit2.o(.ARM.Collect$$rtexit$$00000004)
    Reset_Handler                            0x0800015d   Thumb Code     8  startup_stm32f030xc.o(.text)
    NMI_Handler                              0x08000165   Thumb Code     2  startup_stm32f030xc.o(.text)
    HardFault_Handler                        0x08000167   Thumb Code     2  startup_stm32f030xc.o(.text)
    SVC_Handler                              0x08000169   Thumb Code     2  startup_stm32f030xc.o(.text)
    PendSV_Handler                           0x0800016b   Thumb Code     2  startup_stm32f030xc.o(.text)
    ADC1_IRQHandler                          0x0800016f   Thumb Code     0  startup_stm32f030xc.o(.text)
    DMA1_Channel1_IRQHandler                 0x0800016f   Thumb Code     0  startup_stm32f030xc.o(.text)
    DMA1_Channel2_3_IRQHandler               0x0800016f   Thumb Code     0  startup_stm32f030xc.o(.text)
    DMA1_Channel4_5_IRQHandler               0x0800016f   Thumb Code     0  startup_stm32f030xc.o(.text)
    EXTI0_1_IRQHandler                       0x0800016f   Thumb Code     0  startup_stm32f030xc.o(.text)
    EXTI2_3_IRQHandler                       0x0800016f   Thumb Code     0  startup_stm32f030xc.o(.text)
    EXTI4_15_IRQHandler                      0x0800016f   Thumb Code     0  startup_stm32f030xc.o(.text)
    FLASH_IRQHandler                         0x0800016f   Thumb Code     0  startup_stm32f030xc.o(.text)
    I2C1_IRQHandler                          0x0800016f   Thumb Code     0  startup_stm32f030xc.o(.text)
    I2C2_IRQHandler                          0x0800016f   Thumb Code     0  startup_stm32f030xc.o(.text)
    RCC_IRQHandler                           0x0800016f   Thumb Code     0  startup_stm32f030xc.o(.text)
    RTC_IRQHandler                           0x0800016f   Thumb Code     0  startup_stm32f030xc.o(.text)
    SPI1_IRQHandler                          0x0800016f   Thumb Code     0  startup_stm32f030xc.o(.text)
    SPI2_IRQHandler                          0x0800016f   Thumb Code     0  startup_stm32f030xc.o(.text)
    TIM14_IRQHandler                         0x0800016f   Thumb Code     0  startup_stm32f030xc.o(.text)
    TIM15_IRQHandler                         0x0800016f   Thumb Code     0  startup_stm32f030xc.o(.text)
    TIM16_IRQHandler                         0x0800016f   Thumb Code     0  startup_stm32f030xc.o(.text)
    TIM1_BRK_UP_TRG_COM_IRQHandler           0x0800016f   Thumb Code     0  startup_stm32f030xc.o(.text)
    TIM1_CC_IRQHandler                       0x0800016f   Thumb Code     0  startup_stm32f030xc.o(.text)
    TIM6_IRQHandler                          0x0800016f   Thumb Code     0  startup_stm32f030xc.o(.text)
    TIM7_IRQHandler                          0x0800016f   Thumb Code     0  startup_stm32f030xc.o(.text)
    USART2_IRQHandler                        0x0800016f   Thumb Code     0  startup_stm32f030xc.o(.text)
    USART3_6_IRQHandler                      0x0800016f   Thumb Code     0  startup_stm32f030xc.o(.text)
    WWDG_IRQHandler                          0x0800016f   Thumb Code     0  startup_stm32f030xc.o(.text)
    __user_initial_stackheap                 0x08000171   Thumb Code     0  startup_stm32f030xc.o(.text)
    __aeabi_uldivmod                         0x08000195   Thumb Code   258  lludiv.o(.text)
    _ll_udiv                                 0x08000195   Thumb Code     0  lludiv.o(.text)
    strlen                                   0x08000299   Thumb Code    62  strlen.o(.text)
    __aeabi_uidiv                            0x080002dd   Thumb Code     0  aeabi_sdiv.o(.text)
    __aeabi_uidivmod                         0x080002dd   Thumb Code    20  aeabi_sdiv.o(.text)
    __aeabi_idiv                             0x080002f1   Thumb Code     0  aeabi_sdiv.o(.text)
    __aeabi_idivmod                          0x080002f1   Thumb Code   326  aeabi_sdiv.o(.text)
    __use_two_region_memory                  0x08000437   Thumb Code     2  heapauxi.o(.text)
    __rt_heap_escrow$2region                 0x08000439   Thumb Code     2  heapauxi.o(.text)
    __rt_heap_expand$2region                 0x0800043b   Thumb Code     2  heapauxi.o(.text)
    __aeabi_d2f                              0x0800043d   Thumb Code     0  d2f.o(.text)
    _d2f                                     0x0800043d   Thumb Code   120  d2f.o(.text)
    __aeabi_i2d_normalise                    0x080004b9   Thumb Code    66  dflti.o(.text)
    __aeabi_i2d                              0x080004fb   Thumb Code    16  dflti.o(.text)
    _dflt                                    0x080004fb   Thumb Code     0  dflti.o(.text)
    __aeabi_ui2d                             0x0800050b   Thumb Code     6  dflti.o(.text)
    _dfltu                                   0x0800050b   Thumb Code     0  dflti.o(.text)
    __aeabi_dmul                             0x08000511   Thumb Code     0  dmul.o(.text)
    _dmul                                    0x08000511   Thumb Code   558  dmul.o(.text)
    __aeabi_f2d                              0x08000759   Thumb Code     0  f2d.o(.text)
    _f2d                                     0x08000759   Thumb Code    80  f2d.o(.text)
    __aeabi_f2uiz                            0x080007ad   Thumb Code     0  ffixui.o(.text)
    _ffixu                                   0x080007ad   Thumb Code    48  ffixui.o(.text)
    __user_setup_stackheap                   0x080007dd   Thumb Code    62  sys_stackheap_outer.o(.text)
    exit                                     0x0800081b   Thumb Code    16  exit.o(.text)
    __user_libspace                          0x0800082d   Thumb Code     8  libspace.o(.text)
    __user_perproc_libspace                  0x0800082d   Thumb Code     0  libspace.o(.text)
    __user_perthread_libspace                0x0800082d   Thumb Code     0  libspace.o(.text)
    _sys_exit                                0x08000835   Thumb Code     8  sys_exit.o(.text)
    __I$use$semihosting                      0x08000841   Thumb Code     0  use_no_semi.o(.text)
    __use_no_semihosting_swi                 0x08000841   Thumb Code     2  use_no_semi.o(.text)
    __semihosting_library_function           0x08000843   Thumb Code     0  indicate_semi.o(.text)
    ADC_Setup                                0x08000845   Thumb Code   216  hardware.o(i.ADC_Setup)
    BB_ReadData                              0x08000929   Thumb Code   152  eeprom.o(i.BB_ReadData)
    BB_WriteData                             0x080009c1   Thumb Code   172  eeprom.o(i.BB_WriteData)
    DisableADC                               0x08000a6d   Thumb Code    66  main.o(i.DisableADC)
    EE_EWEN                                  0x08000ab5   Thumb Code    58  eeprom.o(i.EE_EWEN)
    EE_READ                                  0x08000af5   Thumb Code    70  eeprom.o(i.EE_READ)
    EnableADC                                0x08000b41   Thumb Code    54  main.o(i.EnableADC)
    GetAnalogVal                             0x08000b7d   Thumb Code    46  main.o(i.GetAnalogVal)
    GetDeviceAddress                         0x08000bb5   Thumb Code   142  main.o(i.GetDeviceAddress)
    GetVddVal                                0x08000c61   Thumb Code   122  main.o(i.GetVddVal)
    Get_ADC_Val                              0x08000d0d   Thumb Code    70  main.o(i.Get_ADC_Val)
    LoRaAvailable                            0x08000d59   Thumb Code    16  radio.o(i.LoRaAvailable)
    LoRaPrint                                0x08000d6d   Thumb Code    62  radio.o(i.LoRaPrint)
    LoRaSetup                                0x08000dad   Thumb Code   128  radio.o(i.LoRaSetup)
    LoraRead                                 0x08000e35   Thumb Code    32  radio.o(i.LoraRead)
    OLED_ClearLine                           0x08000e59   Thumb Code    54  oled.o(i.OLED_ClearLine)
    OLED_Clr                                 0x08000e8f   Thumb Code    62  oled.o(i.OLED_Clr)
    OLED_Reset                               0x08000ecd   Thumb Code    52  oled.o(i.OLED_Reset)
    OLED_init                                0x08000f05   Thumb Code   170  oled.o(i.OLED_init)
    Ports_Setup                              0x08000fb1   Thumb Code   532  hardware.o(i.Ports_Setup)
    PrintOLED                                0x080011d1   Thumb Code   140  com_io.o(i.PrintOLED)
    PrintfP                                  0x0800125d   Thumb Code   178  com_io.o(i.PrintfP)
    PutChar                                  0x08001311   Thumb Code    60  com_io.o(i.PutChar)
    SPI_Read                                 0x0800135d   Thumb Code    46  radio.o(i.SPI_Read)
    SPI_Write                                0x08001391   Thumb Code    48  radio.o(i.SPI_Write)
    Set_Frequency                            0x080013c5   Thumb Code    72  radio.o(i.Set_Frequency)
    Set_Mode                                 0x08001411   Thumb Code    16  hardware.o(i.Set_Mode)
    Set_Pin                                  0x08001421   Thumb Code    82  hardware.o(i.Set_Pin)
    Set_Pull                                 0x08001473   Thumb Code    16  hardware.o(i.Set_Pull)
    Set_Speed                                0x08001483   Thumb Code    16  hardware.o(i.Set_Speed)
    Set_Type                                 0x08001493   Thumb Code    14  hardware.o(i.Set_Type)
    Setup                                    0x080014a1   Thumb Code   254  hardware.o(i.Setup)
    SysTick_Handler                          0x080015cd   Thumb Code    38  main.o(i.SysTick_Handler)
    SysTick_Init                             0x080015fd   Thumb Code    60  hardware.o(i.SysTick_Init)
    SystemClock_Config                       0x08001649   Thumb Code   194  hardware.o(i.SystemClock_Config)
    SystemCoreClockUpdate                    0x08001711   Thumb Code   164  system_stm32f0xx.o(i.SystemCoreClockUpdate)
    SystemInit                               0x080017c5   Thumb Code   104  system_stm32f0xx.o(i.SystemInit)
    TIM17_IRQHandler                         0x08001839   Thumb Code    26  main.o(i.TIM17_IRQHandler)
    TIM17_Setup                              0x08001859   Thumb Code    46  hardware.o(i.TIM17_Setup)
    TIM3_IRQHandler                          0x08001891   Thumb Code    62  main.o(i.TIM3_IRQHandler)
    TIM3_Setup                               0x080018dd   Thumb Code    46  hardware.o(i.TIM3_Setup)
    TestLoRaReceiver                         0x08001919   Thumb Code   148  radio.o(i.TestLoRaReceiver)
    TestLoRaTransmitter                      0x080019d9   Thumb Code    86  radio.o(i.TestLoRaTransmitter)
    TransferBuffer                           0x08001a59   Thumb Code   384  oled.o(i.TransferBuffer)
    UART_Setup                               0x08001bdd   Thumb Code   190  hardware.o(i.UART_Setup)
    USART1_IRQHandler                        0x08001ca9   Thumb Code   146  com_io.o(i.USART1_IRQHandler)
    beginPacket                              0x08001df1   Thumb Code    30  radio.o(i.beginPacket)
    delaymms                                 0x08001e11   Thumb Code    20  main.o(i.delaymms)
    delayuus                                 0x08001e29   Thumb Code    16  main.o(i.delayuus)
    endPacket                                0x08001e3d   Thumb Code    36  radio.o(i.endPacket)
    explicitHeaderMode                       0x08001e61   Thumb Code    24  radio.o(i.explicitHeaderMode)
    getTemperature                           0x08001e79   Thumb Code   112  main.o(i.getTemperature)
    idle                                     0x08001f09   Thumb Code    12  radio.o(i.idle)
    int_asci_print                           0x08001f15   Thumb Code   350  com_io.o(i.int_asci_print)
    int_asci_print2                          0x08002081   Thumb Code   372  com_io.o(i.int_asci_print2)
    int_hexasci_print                        0x08002201   Thumb Code    78  com_io.o(i.int_hexasci_print)
    main                                     0x08002251   Thumb Code    40  main.o(i.main)
    parsePacket                              0x08002285   Thumb Code   104  radio.o(i.parsePacket)
    setColAddress                            0x080022f1   Thumb Code    26  oled.o(i.setColAddress)
    setOCP                                   0x0800230b   Thumb Code    58  radio.o(i.setOCP)
    setPageAddress                           0x08002345   Thumb Code    26  oled.o(i.setPageAddress)
    setTxPower                               0x0800235f   Thumb Code    34  radio.o(i.setTxPower)
    sleep                                    0x08002381   Thumb Code    12  radio.o(i.sleep)
    ssd1306_WriteCommand                     0x0800238d   Thumb Code    74  oled.o(i.ssd1306_WriteCommand)
    ssd1306_WriteData1                       0x080023e1   Thumb Code    86  oled.o(i.ssd1306_WriteData1)
    __aeabi_fadd                             0x08002441   Thumb Code     0  faddsub.o(x$fpl$fadd)
    _fadd                                    0x08002441   Thumb Code   134  faddsub.o(x$fpl$fadd)
    __aeabi_fsub                             0x080024cd   Thumb Code     0  faddsub.o(x$fpl$fsub)
    _fsub                                    0x080024cd   Thumb Code   204  faddsub.o(x$fpl$fsub)
    CurrentFont                              0x0800259c   Data        1565  oled.o(.constdata)
    __I$use$fp                               0x0800259c   Number         0  usenofp.o(x$fpl$usenofp)
    AHBPrescTable                            0x08002bb9   Data          16  system_stm32f0xx.o(.constdata)
    APBPrescTable                            0x08002bc9   Data           8  system_stm32f0xx.o(.constdata)
    Region$$Table$$Base                      0x08002bd4   Number         0  anon$$obj.o(Region$$Table)
    Region$$Table$$Limit                     0x08002bf4   Number         0  anon$$obj.o(Region$$Table)
    MILLISECS                                0x20000004   Data           4  main.o(.data)
    adcraw                                   0x20000008   Data           4  main.o(.data)
    Vdd                                      0x2000000c   Data           4  main.o(.data)
    VddCal                                   0x20000010   Data           2  main.o(.data)
    TempVdd                                  0x20000014   Data           4  main.o(.data)
    adcval                                   0x20000018   Data           2  main.o(.data)
    TemperatureTimer                         0x2000001a   Data           2  main.o(.data)
    AddressTimer                             0x2000001c   Data           2  main.o(.data)
    _packetIndex                             0x2000001e   Data           2  radio.o(.data)
    USB_RX_end                               0x20000020   Data           2  com_io.o(.data)
    USB_TX_end                               0x20000022   Data           2  com_io.o(.data)
    USB_RX_start                             0x20000024   Data           2  com_io.o(.data)
    USB_TX_start                             0x20000026   Data           2  com_io.o(.data)
    SystemCoreClock                          0x20000028   Data           4  system_stm32f0xx.o(.data)
    USB_RX_Buffer                            0x2000002c   Data         128  com_io.o(.bss)
    USB_TX_Buffer                            0x200000ac   Data         128  com_io.o(.bss)
    __libspace_start                         0x2000012c   Data          96  libspace.o(.bss)
    __temporary_stack_top$libspace           0x2000018c   Data           0  libspace.o(.bss)



==============================================================================

Memory Map of the image

  Image Entry point : 0x0800015d

  Load Region LR_1 (Base: 0x08000000, Size: 0x00002c20, Max: 0xffffffff, ABSOLUTE)

    Execution Region ER_RO (Exec base: 0x08000000, Load base: 0x08000000, Size: 0x00002bf4, Max: 0xffffffff, ABSOLUTE)

    Exec Addr    Load Addr    Size         Type   Attr      Idx    E Section Name        Object

    0x08000000   0x08000000   0x000000b8   Data   RO          624    RESET               startup_stm32f030xc.o
    0x080000b8   0x080000b8   0x00000008   Code   RO          674  * !!!main             c_p.l(__main.o)
    0x080000c0   0x080000c0   0x0000003c   Code   RO          864    !!!scatter          c_p.l(__scatter.o)
    0x080000fc   0x080000fc   0x0000001a   Code   RO          866    !!handler_copy      c_p.l(__scatter_copy.o)
    0x08000116   0x08000116   0x00000002   PAD
    0x08000118   0x08000118   0x0000001c   Code   RO          868    !!handler_zi        c_p.l(__scatter_zi.o)
    0x08000134   0x08000134   0x00000002   Code   RO          733    .ARM.Collect$$libinit$$00000000  c_p.l(libinit.o)
    0x08000136   0x08000136   0x00000000   Code   RO          747    .ARM.Collect$$libinit$$00000002  c_p.l(libinit2.o)
    0x08000136   0x08000136   0x00000000   Code   RO          749    .ARM.Collect$$libinit$$00000004  c_p.l(libinit2.o)
    0x08000136   0x08000136   0x00000000   Code   RO          752    .ARM.Collect$$libinit$$0000000A  c_p.l(libinit2.o)
    0x08000136   0x08000136   0x00000000   Code   RO          754    .ARM.Collect$$libinit$$0000000C  c_p.l(libinit2.o)
    0x08000136   0x08000136   0x00000000   Code   RO          756    .ARM.Collect$$libinit$$0000000E  c_p.l(libinit2.o)
    0x08000136   0x08000136   0x00000000   Code   RO          759    .ARM.Collect$$libinit$$00000011  c_p.l(libinit2.o)
    0x08000136   0x08000136   0x00000000   Code   RO          761    .ARM.Collect$$libinit$$00000013  c_p.l(libinit2.o)
    0x08000136   0x08000136   0x00000000   Code   RO          763    .ARM.Collect$$libinit$$00000015  c_p.l(libinit2.o)
    0x08000136   0x08000136   0x00000000   Code   RO          765    .ARM.Collect$$libinit$$00000017  c_p.l(libinit2.o)
    0x08000136   0x08000136   0x00000000   Code   RO          767    .ARM.Collect$$libinit$$00000019  c_p.l(libinit2.o)
    0x08000136   0x08000136   0x00000000   Code   RO          769    .ARM.Collect$$libinit$$0000001B  c_p.l(libinit2.o)
    0x08000136   0x08000136   0x00000000   Code   RO          771    .ARM.Collect$$libinit$$0000001D  c_p.l(libinit2.o)
    0x08000136   0x08000136   0x00000000   Code   RO          773    .ARM.Collect$$libinit$$0000001F  c_p.l(libinit2.o)
    0x08000136   0x08000136   0x00000000   Code   RO          775    .ARM.Collect$$libinit$$00000021  c_p.l(libinit2.o)
    0x08000136   0x08000136   0x00000000   Code   RO          777    .ARM.Collect$$libinit$$00000023  c_p.l(libinit2.o)
    0x08000136   0x08000136   0x00000000   Code   RO          779    .ARM.Collect$$libinit$$00000025  c_p.l(libinit2.o)
    0x08000136   0x08000136   0x00000000   Code   RO          783    .ARM.Collect$$libinit$$0000002C  c_p.l(libinit2.o)
    0x08000136   0x08000136   0x00000000   Code   RO          785    .ARM.Collect$$libinit$$0000002E  c_p.l(libinit2.o)
    0x08000136   0x08000136   0x00000000   Code   RO          787    .ARM.Collect$$libinit$$00000030  c_p.l(libinit2.o)
    0x08000136   0x08000136   0x00000000   Code   RO          789    .ARM.Collect$$libinit$$00000032  c_p.l(libinit2.o)
    0x08000136   0x08000136   0x00000002   Code   RO          790    .ARM.Collect$$libinit$$00000033  c_p.l(libinit2.o)
    0x08000138   0x08000138   0x00000002   Code   RO          821    .ARM.Collect$$libshutdown$$00000000  c_p.l(libshutdown.o)
    0x0800013a   0x0800013a   0x00000000   Code   RO          847    .ARM.Collect$$libshutdown$$00000002  c_p.l(libshutdown2.o)
    0x0800013a   0x0800013a   0x00000000   Code   RO          849    .ARM.Collect$$libshutdown$$00000004  c_p.l(libshutdown2.o)
    0x0800013a   0x0800013a   0x00000000   Code   RO          852    .ARM.Collect$$libshutdown$$00000007  c_p.l(libshutdown2.o)
    0x0800013a   0x0800013a   0x00000000   Code   RO          855    .ARM.Collect$$libshutdown$$0000000A  c_p.l(libshutdown2.o)
    0x0800013a   0x0800013a   0x00000000   Code   RO          857    .ARM.Collect$$libshutdown$$0000000C  c_p.l(libshutdown2.o)
    0x0800013a   0x0800013a   0x00000000   Code   RO          860    .ARM.Collect$$libshutdown$$0000000F  c_p.l(libshutdown2.o)
    0x0800013a   0x0800013a   0x00000002   Code   RO          861    .ARM.Collect$$libshutdown$$00000010  c_p.l(libshutdown2.o)
    0x0800013c   0x0800013c   0x00000000   Code   RO          692    .ARM.Collect$$rtentry$$00000000  c_p.l(__rtentry.o)
    0x0800013c   0x0800013c   0x00000000   Code   RO          703    .ARM.Collect$$rtentry$$00000002  c_p.l(__rtentry2.o)
    0x0800013c   0x0800013c   0x00000006   Code   RO          715    .ARM.Collect$$rtentry$$00000004  c_p.l(__rtentry4.o)
    0x08000142   0x08000142   0x00000000   Code   RO          705    .ARM.Collect$$rtentry$$00000009  c_p.l(__rtentry2.o)
    0x08000142   0x08000142   0x00000004   Code   RO          706    .ARM.Collect$$rtentry$$0000000A  c_p.l(__rtentry2.o)
    0x08000146   0x08000146   0x00000000   Code   RO          708    .ARM.Collect$$rtentry$$0000000C  c_p.l(__rtentry2.o)
    0x08000146   0x08000146   0x00000008   Code   RO          709    .ARM.Collect$$rtentry$$0000000D  c_p.l(__rtentry2.o)
    0x0800014e   0x0800014e   0x00000002   Code   RO          738    .ARM.Collect$$rtexit$$00000000  c_p.l(rtexit.o)
    0x08000150   0x08000150   0x00000000   Code   RO          794    .ARM.Collect$$rtexit$$00000002  c_p.l(rtexit2.o)
    0x08000150   0x08000150   0x00000004   Code   RO          795    .ARM.Collect$$rtexit$$00000003  c_p.l(rtexit2.o)
    0x08000154   0x08000154   0x00000006   Code   RO          796    .ARM.Collect$$rtexit$$00000004  c_p.l(rtexit2.o)
    0x0800015a   0x0800015a   0x00000002   PAD
    0x0800015c   0x0800015c   0x00000038   Code   RO          625  * .text               startup_stm32f030xc.o
    0x08000194   0x08000194   0x00000102   Code   RO          664    .text               c_p.l(lludiv.o)
    0x08000296   0x08000296   0x00000002   PAD
    0x08000298   0x08000298   0x00000044   Code   RO          666    .text               c_p.l(strlen.o)
    0x080002dc   0x080002dc   0x0000015a   Code   RO          668    .text               c_p.l(aeabi_sdiv.o)
    0x08000436   0x08000436   0x00000006   Code   RO          672    .text               c_p.l(heapauxi.o)
    0x0800043c   0x0800043c   0x0000007c   Code   RO          676    .text               fz_ps.l(d2f.o)
    0x080004b8   0x080004b8   0x00000058   Code   RO          678    .text               fz_ps.l(dflti.o)
    0x08000510   0x08000510   0x00000248   Code   RO          680    .text               fz_ps.l(dmul.o)
    0x08000758   0x08000758   0x00000054   Code   RO          682    .text               fz_ps.l(f2d.o)
    0x080007ac   0x080007ac   0x00000030   Code   RO          690    .text               fz_ps.l(ffixui.o)
    0x080007dc   0x080007dc   0x0000003e   Code   RO          719    .text               c_p.l(sys_stackheap_outer.o)
    0x0800081a   0x0800081a   0x00000010   Code   RO          722    .text               c_p.l(exit.o)
    0x0800082a   0x0800082a   0x00000002   PAD
    0x0800082c   0x0800082c   0x00000008   Code   RO          734    .text               c_p.l(libspace.o)
    0x08000834   0x08000834   0x0000000c   Code   RO          791    .text               c_p.l(sys_exit.o)
    0x08000840   0x08000840   0x00000002   Code   RO          810    .text               c_p.l(use_no_semi.o)
    0x08000842   0x08000842   0x00000000   Code   RO          812    .text               c_p.l(indicate_semi.o)
    0x08000842   0x08000842   0x00000002   PAD
    0x08000844   0x08000844   0x000000e4   Code   RO          281    i.ADC_Setup         hardware.o
    0x08000928   0x08000928   0x00000098   Code   RO          386    i.BB_ReadData       eeprom.o
    0x080009c0   0x080009c0   0x000000ac   Code   RO          387    i.BB_WriteData      eeprom.o
    0x08000a6c   0x08000a6c   0x00000048   Code   RO            3    i.DisableADC        main.o
    0x08000ab4   0x08000ab4   0x00000040   Code   RO          391    i.EE_EWEN           eeprom.o
    0x08000af4   0x08000af4   0x0000004c   Code   RO          392    i.EE_READ           eeprom.o
    0x08000b40   0x08000b40   0x0000003c   Code   RO            4    i.EnableADC         main.o
    0x08000b7c   0x08000b7c   0x00000038   Code   RO            5    i.GetAnalogVal      main.o
    0x08000bb4   0x08000bb4   0x000000ac   Code   RO            6    i.GetDeviceAddress  main.o
    0x08000c60   0x08000c60   0x000000ac   Code   RO            7    i.GetVddVal         main.o
    0x08000d0c   0x08000d0c   0x0000004c   Code   RO            8    i.Get_ADC_Val       main.o
    0x08000d58   0x08000d58   0x00000014   Code   RO          153    i.LoRaAvailable     radio.o
    0x08000d6c   0x08000d6c   0x0000003e   Code   RO          154    i.LoRaPrint         radio.o
    0x08000daa   0x08000daa   0x00000002   PAD
    0x08000dac   0x08000dac   0x00000088   Code   RO          155    i.LoRaSetup         radio.o
    0x08000e34   0x08000e34   0x00000024   Code   RO          156    i.LoraRead          radio.o
    0x08000e58   0x08000e58   0x00000036   Code   RO          448    i.OLED_ClearLine    oled.o
    0x08000e8e   0x08000e8e   0x0000003e   Code   RO          449    i.OLED_Clr          oled.o
    0x08000ecc   0x08000ecc   0x00000038   Code   RO          450    i.OLED_Reset        oled.o
    0x08000f04   0x08000f04   0x000000aa   Code   RO          451    i.OLED_init         oled.o
    0x08000fae   0x08000fae   0x00000002   PAD
    0x08000fb0   0x08000fb0   0x00000220   Code   RO          282    i.Ports_Setup       hardware.o
    0x080011d0   0x080011d0   0x0000008c   Code   RO          532    i.PrintOLED         com_io.o
    0x0800125c   0x0800125c   0x000000b2   Code   RO          533    i.PrintfP           com_io.o
    0x0800130e   0x0800130e   0x00000002   PAD
    0x08001310   0x08001310   0x0000004c   Code   RO          534    i.PutChar           com_io.o
    0x0800135c   0x0800135c   0x00000034   Code   RO          157    i.SPI_Read          radio.o
    0x08001390   0x08001390   0x00000034   Code   RO          158    i.SPI_Write         radio.o
    0x080013c4   0x080013c4   0x0000004c   Code   RO          160    i.Set_Frequency     radio.o
    0x08001410   0x08001410   0x00000010   Code   RO          283    i.Set_Mode          hardware.o
    0x08001420   0x08001420   0x00000052   Code   RO          284    i.Set_Pin           hardware.o
    0x08001472   0x08001472   0x00000010   Code   RO          285    i.Set_Pull          hardware.o
    0x08001482   0x08001482   0x00000010   Code   RO          286    i.Set_Speed         hardware.o
    0x08001492   0x08001492   0x0000000e   Code   RO          287    i.Set_Type          hardware.o
    0x080014a0   0x080014a0   0x0000012c   Code   RO          288    i.Setup             hardware.o
    0x080015cc   0x080015cc   0x00000030   Code   RO            9    i.SysTick_Handler   main.o
    0x080015fc   0x080015fc   0x0000004c   Code   RO          289    i.SysTick_Init      hardware.o
    0x08001648   0x08001648   0x000000c8   Code   RO          290    i.SystemClock_Config  hardware.o
    0x08001710   0x08001710   0x000000b4   Code   RO          631    i.SystemCoreClockUpdate  system_stm32f0xx.o
    0x080017c4   0x080017c4   0x00000074   Code   RO          632    i.SystemInit        system_stm32f0xx.o
    0x08001838   0x08001838   0x00000020   Code   RO           10    i.TIM17_IRQHandler  main.o
    0x08001858   0x08001858   0x00000038   Code   RO          291    i.TIM17_Setup       hardware.o
    0x08001890   0x08001890   0x0000004c   Code   RO           11    i.TIM3_IRQHandler   main.o
    0x080018dc   0x080018dc   0x0000003c   Code   RO          292    i.TIM3_Setup        hardware.o
    0x08001918   0x08001918   0x000000c0   Code   RO          161    i.TestLoRaReceiver  radio.o
    0x080019d8   0x080019d8   0x00000080   Code   RO          162    i.TestLoRaTransmitter  radio.o
    0x08001a58   0x08001a58   0x00000184   Code   RO          452    i.TransferBuffer    oled.o
    0x08001bdc   0x08001bdc   0x000000cc   Code   RO          293    i.UART_Setup        hardware.o
    0x08001ca8   0x08001ca8   0x000000b0   Code   RO          535    i.USART1_IRQHandler  com_io.o
    0x08001d58   0x08001d58   0x00000020   Code   RO          294    i.__NVIC_EnableIRQ  hardware.o
    0x08001d78   0x08001d78   0x00000078   Code   RO          295    i.__NVIC_SetPriority  hardware.o
    0x08001df0   0x08001df0   0x0000001e   Code   RO          163    i.beginPacket       radio.o
    0x08001e0e   0x08001e0e   0x00000002   PAD
    0x08001e10   0x08001e10   0x00000018   Code   RO           12    i.delaymms          main.o
    0x08001e28   0x08001e28   0x00000014   Code   RO           13    i.delayuus          main.o
    0x08001e3c   0x08001e3c   0x00000024   Code   RO          164    i.endPacket         radio.o
    0x08001e60   0x08001e60   0x00000018   Code   RO          165    i.explicitHeaderMode  radio.o
    0x08001e78   0x08001e78   0x00000090   Code   RO           14    i.getTemperature    main.o
    0x08001f08   0x08001f08   0x0000000c   Code   RO          166    i.idle              radio.o
    0x08001f14   0x08001f14   0x0000016c   Code   RO          537    i.int_asci_print    com_io.o
    0x08002080   0x08002080   0x00000180   Code   RO          538    i.int_asci_print2   com_io.o
    0x08002200   0x08002200   0x0000004e   Code   RO          539    i.int_hexasci_print  com_io.o
    0x0800224e   0x0800224e   0x00000002   PAD
    0x08002250   0x08002250   0x00000034   Code   RO           15    i.main              main.o
    0x08002284   0x08002284   0x0000006c   Code   RO          167    i.parsePacket       radio.o
    0x080022f0   0x080022f0   0x0000001a   Code   RO          453    i.setColAddress     oled.o
    0x0800230a   0x0800230a   0x0000003a   Code   RO          168    i.setOCP            radio.o
    0x08002344   0x08002344   0x0000001a   Code   RO          454    i.setPageAddress    oled.o
    0x0800235e   0x0800235e   0x00000022   Code   RO          169    i.setTxPower        radio.o
    0x08002380   0x08002380   0x0000000c   Code   RO          170    i.sleep             radio.o
    0x0800238c   0x0800238c   0x00000054   Code   RO          455    i.ssd1306_WriteCommand  oled.o
    0x080023e0   0x080023e0   0x00000060   Code   RO          456    i.ssd1306_WriteData1  oled.o
    0x08002440   0x08002440   0x0000008c   Code   RO          684    x$fpl$fadd          fz_ps.l(faddsub.o)
    0x080024cc   0x080024cc   0x000000d0   Code   RO          686    x$fpl$fsub          fz_ps.l(faddsub.o)
    0x0800259c   0x0800259c   0x00000000   Code   RO          701    x$fpl$usenofp       fz_ps.l(usenofp.o)
    0x0800259c   0x0800259c   0x0000061d   Data   RO          457    .constdata          oled.o
    0x08002bb9   0x08002bb9   0x00000018   Data   RO          633    .constdata          system_stm32f0xx.o
    0x08002bd1   0x08002bd1   0x00000003   PAD
    0x08002bd4   0x08002bd4   0x00000020   Data   RO          862    Region$$Table       anon$$obj.o


    Execution Region ER_RW (Exec base: 0x20000000, Load base: 0x08002bf4, Size: 0x0000002c, Max: 0xffffffff, ABSOLUTE)

    Exec Addr    Load Addr    Size         Type   Attr      Idx    E Section Name        Object

    0x20000000   0x08002bf4   0x0000001e   Data   RW           16    .data               main.o
    0x2000001e   0x08002c12   0x00000002   Data   RW          171    .data               radio.o
    0x20000020   0x08002c14   0x00000008   Data   RW          542    .data               com_io.o
    0x20000028   0x08002c1c   0x00000004   Data   RW          634    .data               system_stm32f0xx.o


    Execution Region ER_ZI (Exec base: 0x2000002c, Load base: 0x08002c20, Size: 0x00000764, Max: 0xffffffff, ABSOLUTE)

    Exec Addr    Load Addr    Size         Type   Attr      Idx    E Section Name        Object

    0x2000002c        -       0x00000100   Zero   RW          541    .bss                com_io.o
    0x2000012c        -       0x00000060   Zero   RW          735    .bss                c_p.l(libspace.o)
    0x2000018c   0x08002c20   0x00000004   PAD
    0x20000190        -       0x00000200   Zero   RW          623    HEAP                startup_stm32f030xc.o
    0x20000390        -       0x00000400   Zero   RW          622    STACK               startup_stm32f030xc.o


==============================================================================

Image component sizes


      Code (inc. data)   RO Data    RW Data    ZI Data      Debug   Object Name

      1396         72          0          8        256       6821   com_io.o
       464         12          0          0          0       2201   eeprom.o
      1964        146          0          0          0      15861   hardware.o
      1004        190          0         30          0     203577   main.o
       962         28       1565          0          0       7037   oled.o
      1068        120          0          2          0       8948   radio.o
        56         26        184          0       1536        660   startup_stm32f030xc.o
       296         28         24          4          0       2063   system_stm32f0xx.o

    ----------------------------------------------------------------------
      7220        622       1808         44       1792     247168   Object Totals
         0          0         32          0          0          0   (incl. Generated)
        10          0          3          0          0          0   (incl. Padding)

    ----------------------------------------------------------------------

      Code (inc. data)   RO Data    RW Data    ZI Data      Debug   Library Member Name

         8          0          0          0          0         68   __main.o
         0          0          0          0          0          0   __rtentry.o
        12          0          0          0          0          0   __rtentry2.o
         6          0          0          0          0          0   __rtentry4.o
        60          8          0          0          0          0   __scatter.o
        26          0          0          0          0          0   __scatter_copy.o
        28          0          0          0          0          0   __scatter_zi.o
       346          0          0          0          0         92   aeabi_sdiv.o
        16          0          0          0          0         68   exit.o
         6          0          0          0          0        136   heapauxi.o
         0          0          0          0          0          0   indicate_semi.o
         2          0          0          0          0          0   libinit.o
         2          0          0          0          0          0   libinit2.o
         2          0          0          0          0          0   libshutdown.o
         2          0          0          0          0          0   libshutdown2.o
         8          4          0          0         96         68   libspace.o
       258          0          0          0          0         88   lludiv.o
         2          0          0          0          0          0   rtexit.o
        10          0          0          0          0          0   rtexit2.o
        68          6          0          0          0         72   strlen.o
        12          4          0          0          0         60   sys_exit.o
        62          0          0          0          0         80   sys_stackheap_outer.o
         2          0          0          0          0         68   use_no_semi.o
       124          4          0          0          0         72   d2f.o
        88          0          0          0          0         92   dflti.o
       584         26          0          0          0         84   dmul.o
        84          4          0          0          0         60   f2d.o
       348          8          0          0          0        160   faddsub.o
        48          0          0          0          0         60   ffixui.o
         0          0          0          0          0          0   usenofp.o

    ----------------------------------------------------------------------
      2224         64          0          0        100       1328   Library Totals
        10          0          0          0          4          0   (incl. Padding)

    ----------------------------------------------------------------------

      Code (inc. data)   RO Data    RW Data    ZI Data      Debug   Library Name

       938         22          0          0         96        800   c_p.l
      1276         42          0          0          0        528   fz_ps.l

    ----------------------------------------------------------------------
      2224         64          0          0        100       1328   Library Totals

    ----------------------------------------------------------------------

==============================================================================


      Code (inc. data)   RO Data    RW Data    ZI Data      Debug   

      9444        686       1808         44       1892     245080   Grand Totals
      9444        686       1808         44       1892     245080   ELF Image Totals
      9444        686       1808         44          0          0   ROM Totals

==============================================================================

    Total RO  Size (Code + RO Data)                11252 (  10.99kB)
    Total RW  Size (RW Data + ZI Data)              1936 (   1.89kB)
    Total ROM Size (Code + RO Data + RW Data)      11296 (  11.03kB)

==============================================================================

